15:27:15 INFO step1: Common design: baseline + 48 feasible sections, 3 levels each
15:27:20 WARNING bdFoil.Code.core.forces: strip_viscous (profile) case 0 c+8.2800_r+0.5000_y+4.0000_s+0.0000: 1 of 82 stations outside the polar range (alpha 0, cl 1), clamped at the polar ends as foil.py does; sections: sec_3f984902bf
15:27:20 INFO step1: baseline design 1/1: CD [0.026497, 0.02666, 0.024597]
15:27:27 WARNING bdFoil.Code.core.forces: strip_viscous (profile) case 0 c+8.2800_r+0.5000_y+4.0000_s+0.0000: 1 of 82 stations outside the polar range (alpha 0, cl 1), clamped at the polar ends as foil.py does; sections: sec_2f29a586d2
15:27:27 INFO step1: lhs design 1/48: CD [0.026603, 0.026894, 0.024361]
15:27:38 WARNING bdFoil.Code.core.forces: strip_viscous (profile) case 0 c+8.2800_r+0.5000_y+4.0000_s+0.0000: 1 of 82 stations outside the polar range (alpha 0, cl 1), clamped at the polar ends as foil.py does; sections: sec_f18cd2fca9
15:27:38 INFO step1: lhs design 2/48: CD [0.02678, 0.026695, 0.02523]
15:27:45 WARNING bdFoil.Code.core.forces: strip_viscous (profile) case 0 c+8.2800_r+0.5000_y+4.0000_s+0.0000: 1 of 82 stations outside the polar range (alpha 0, cl 1), clamped at the polar ends as foil.py does; sections: sec_70f4344dd4
15:27:45 INFO step1: lhs design 3/48: CD [0.02706, 0.027461, 0.027365]
15:27:53 WARNING bdFoil.Code.core.forces: strip_viscous (profile) case 0 c+8.2800_r+0.5000_y+4.0000_s+0.0000: 1 of 82 stations outside the polar range (alpha 0, cl 1), clamped at the polar ends as foil.py does; sections: sec_1839a263cc
15:27:53 INFO step1: lhs design 4/48: CD [0.027567, 0.027514, 0.024732]
15:28:01 WARNING bdFoil.Code.core.forces: strip_viscous (profile) case 0 c+8.2800_r+0.5000_y+4.0000_s+0.0000: 1 of 82 stations outside the polar range (alpha 0, cl 1), clamped at the polar ends as foil.py does; sections: sec_caad576065
15:28:01 INFO step1: lhs design 5/48: CD [0.027028, 0.026907, 0.026903]
15:28:08 WARNING bdFoil.Code.core.forces: strip_viscous (profile) case 0 c+8.2800_r+0.5000_y+4.0000_s+0.0000: 1 of 82 stations outside the polar range (alpha 0, cl 1), clamped at the polar ends as foil.py does; sections: sec_31664e5e81
15:28:08 INFO step1: lhs design 6/48: CD [0.026981, 0.026981, 0.024918]
15:28:17 WARNING bdFoil.Code.core.forces: strip_viscous (profile) case 0 c+8.2800_r+0.5000_y+4.0000_s+0.0000: 1 of 82 stations outside the polar range (alpha 0, cl 1), clamped at the polar ends as foil.py does; sections: sec_2afbaa1d0c
15:28:17 INFO step1: lhs design 7/48: CD [0.026278, 0.027139, 0.024994]
15:28:24 WARNING bdFoil.Code.core.forces: strip_viscous (profile) case 0 c+8.2800_r+0.5000_y+4.0000_s+0.0000: 1 of 82 stations outside the polar range (alpha 0, cl 1), clamped at the polar ends as foil.py does; sections: sec_3eb2bd8413
15:28:24 INFO step1: lhs design 8/48: CD [0.026784, 0.027391, 0.025198]
15:28:25 WARNING np_llt_solver: NeuralFoil confidence below 0.50 at 18 control points (min 0.13).
15:28:25 WARNING np_llt_solver: NeuralFoil confidence below 0.50 at 100 control points (min 0.04).
15:28:35 WARNING pipelines.bdtoolbox_foil.simulator: Evaluation failed (level 3, point [0.0018 0.9582 0.2696 0.011  0.1354 0.7904 0.0654]): AVL x XFOIL failed: XFOIL polar(s) failed:
sec_f4a96a4cb0: XFOIL gave no converged point for sec_f4a96a4cb0 (npane 250: 0/37; npane 260: 0/37; npane 265: 0/37); stdout tail: '  136  2   RLX: 0.031\r\n       a = -4.500      CL =-15.5148\r\n      Cm =  3.8743     CD =  0.00626   =>   CDf =  0.04692    CDp = -0.04065\r\n\r\n Side 1 forced transition at x/c =  0.1000   16\r\n Side 2  free  transition at x/c =  0.0012    6\r\n\r\n 105   rms: 0.3923E+01   max: -.3130E+01   U at  136  2   RLX: 0.032\r\n       a = -4.500      CL =-14.7327\r\n      Cm =  3.6702     CD =  0.00628   =>   CDf =  0.04496    CDp = -0.03868\r\n VISCAL:  Convergence failed\r\n\r\n Sequence halted since previous  4 points did not converge\r\n Last-converged  alpha =   0.000    CL =   0.00000\r\n\r\n.OPERva   c>  \r\n XFOIL   c>  '
15:28:35 INFO step1: lhs design 9/48: CD [0.02713, 0.028225, None]
15:28:46 WARNING bdFoil.Code.core.forces: strip_viscous (profile) case 0 c+8.2800_r+0.5000_y+4.0000_s+0.0000: 1 of 82 stations outside the polar range (alpha 0, cl 1), clamped at the polar ends as foil.py does; sections: sec_7153240cfc
15:28:46 INFO step1: lhs design 10/48: CD [0.026651, 0.027542, 0.022953]
15:28:54 WARNING bdFoil.Code.core.forces: strip_viscous (profile) case 0 c+8.2800_r+0.5000_y+4.0000_s+0.0000: 1 of 82 stations outside the polar range (alpha 0, cl 1), clamped at the polar ends as foil.py does; sections: sec_1411e111a5
15:28:54 INFO step1: lhs design 11/48: CD [0.026377, 0.027038, 0.02568]
15:29:01 WARNING bdFoil.Code.core.forces: strip_viscous (profile) case 0 c+8.2800_r+0.5000_y+4.0000_s+0.0000: 1 of 82 stations outside the polar range (alpha 0, cl 1), clamped at the polar ends as foil.py does; sections: sec_f78950b766
15:29:01 INFO step1: lhs design 12/48: CD [0.026913, 0.027285, 0.025857]
15:29:16 WARNING bdFoil.Code.core.forces: strip_viscous (profile) case 0 c+8.2800_r+0.5000_y+4.0000_s+0.0000: 1 of 82 stations outside the polar range (alpha 0, cl 1), clamped at the polar ends as foil.py does; sections: sec_f1e7c69c37
15:29:16 INFO step1: lhs design 13/48: CD [0.026593, 0.026708, 0.024945]
15:29:23 WARNING bdFoil.Code.core.forces: strip_viscous (profile) case 0 c+8.2800_r+0.5000_y+4.0000_s+0.0000: 1 of 82 stations outside the polar range (alpha 0, cl 1), clamped at the polar ends as foil.py does; sections: sec_900a732762
15:29:23 INFO step1: lhs design 14/48: CD [0.027204, 0.028179, 0.024316]
15:29:24 WARNING np_llt_solver: NeuralFoil confidence below 0.50 at 1 control points (min 0.40).
15:29:31 WARNING bdFoil.Code.core.forces: strip_viscous (profile) case 0 c+8.2800_r+0.5000_y+4.0000_s+0.0000: 1 of 82 stations outside the polar range (alpha 0, cl 1), clamped at the polar ends as foil.py does; sections: sec_ca2718344a
15:29:31 INFO step1: lhs design 15/48: CD [0.026347, 0.026608, 0.024933]
15:29:38 WARNING bdFoil.Code.core.forces: strip_viscous (profile) case 0 c+8.2800_r+0.5000_y+4.0000_s+0.0000: 1 of 82 stations outside the polar range (alpha 0, cl 1), clamped at the polar ends as foil.py does; sections: sec_b21954bccc
15:29:38 INFO step1: lhs design 16/48: CD [0.026699, 0.026841, 0.024831]
15:29:46 WARNING bdFoil.Code.core.forces: strip_viscous (profile) case 0 c+8.2800_r+0.5000_y+4.0000_s+0.0000: 1 of 82 stations outside the polar range (alpha 0, cl 1), clamped at the polar ends as foil.py does; sections: sec_f938c62da0
15:29:46 INFO step1: lhs design 17/48: CD [0.02701, 0.027913, 0.024415]
15:29:57 WARNING bdFoil.Code.core.forces: strip_viscous (profile) case 0 c+8.2800_r+0.5000_y+4.0000_s+0.0000: 1 of 82 stations outside the polar range (alpha 0, cl 1), clamped at the polar ends as foil.py does; sections: sec_6a2e555145
15:29:57 INFO step1: lhs design 18/48: CD [0.026502, 0.02674, 0.024721]
15:29:57 WARNING np_llt_solver: NeuralFoil confidence below 0.50 at 9 control points (min 0.32).
15:30:05 WARNING bdFoil.Code.core.forces: strip_viscous (profile) case 0 c+8.2800_r+0.5000_y+4.0000_s+0.0000: 1 of 82 stations outside the polar range (alpha 0, cl 1), clamped at the polar ends as foil.py does; sections: sec_16270f75ba
15:30:05 INFO step1: lhs design 19/48: CD [0.026023, 0.027575, 0.023928]
15:30:05 WARNING np_llt_solver: NeuralFoil confidence below 0.50 at 100 control points (min 0.01).
15:30:05 WARNING np_llt_solver: Angle of attack outside the polar table at 1 control points [1].
15:30:05 WARNING np_llt_solver: NeuralFoil confidence below 0.50 at 100 control points (min 0.01).
15:30:17 WARNING pipelines.bdtoolbox_foil.simulator: Evaluation failed (level 3, point [0.008  0.8452 0.0385 0.8481 0.3849 0.1609 0.0297]): AVL x XFOIL failed: XFOIL polar(s) failed:
sec_fd0a4efc17: XFOIL gave no converged point for sec_fd0a4efc17 (npane 250: 0/37; npane 260: 0/37; npane 265: 0/37); stdout tail: '  143  2   RLX: 0.004\r\n       a = -4.500      CL =********\r\n      Cm = 30.2191     CD =  0.00608   =>   CDf =  0.27251    CDp = -0.26643\r\n\r\n Side 1 forced transition at x/c =  0.1000   17\r\n Side 2  free  transition at x/c =  0.0004   18\r\n\r\n 105   rms: 0.1288E+02   max: -.1011E+02   U at  143  2   RLX: 0.004\r\n       a = -4.500      CL =********\r\n      Cm = 29.9896     CD =  0.00608   =>   CDf =  0.27065    CDp = -0.26457\r\n VISCAL:  Convergence failed\r\n\r\n Sequence halted since previous  4 points did not converge\r\n Last-converged  alpha =   0.000    CL =   0.00000\r\n\r\n.OPERva   c>  \r\n XFOIL   c>  '
15:30:17 INFO step1: lhs design 20/48: CD [0.027876, 0.0283, None]
15:30:25 WARNING bdFoil.Code.core.forces: strip_viscous (profile) case 0 c+8.2800_r+0.5000_y+4.0000_s+0.0000: 1 of 82 stations outside the polar range (alpha 0, cl 1), clamped at the polar ends as foil.py does; sections: sec_e4f1f0659c
15:30:25 INFO step1: lhs design 21/48: CD [0.026755, 0.027666, 0.023938]
15:30:36 WARNING bdFoil.Code.core.forces: strip_viscous (profile) case 0 c+8.2800_r+0.5000_y+4.0000_s+0.0000: 1 of 82 stations outside the polar range (alpha 0, cl 1), clamped at the polar ends as foil.py does; sections: sec_49a12b1784
15:30:36 INFO step1: lhs design 22/48: CD [0.026805, 0.026936, 0.025682]
15:30:44 WARNING bdFoil.Code.core.forces: strip_viscous (profile) case 0 c+8.2800_r+0.5000_y+4.0000_s+0.0000: 1 of 82 stations outside the polar range (alpha 0, cl 1), clamped at the polar ends as foil.py does; sections: sec_b1ec3df4b7
15:30:44 INFO step1: lhs design 23/48: CD [0.027286, 0.027853, 0.024119]
15:30:55 WARNING bdFoil.Code.core.forces: strip_viscous (profile) case 0 c+8.2800_r+0.5000_y+4.0000_s+0.0000: 1 of 82 stations outside the polar range (alpha 0, cl 1), clamped at the polar ends as foil.py does; sections: sec_5828259df9
15:30:55 INFO step1: lhs design 24/48: CD [0.027147, 0.027553, 0.023664]
15:30:56 WARNING np_llt_solver: NeuralFoil confidence below 0.50 at 9 control points (min 0.30).
15:30:56 WARNING np_llt_solver: NeuralFoil confidence below 0.50 at 98 control points (min 0.11).
15:31:10 WARNING pipelines.bdtoolbox_foil.simulator: Evaluation failed (level 3, point [0.2329 0.9862 0.0579 0.0695 0.2673 0.0181 0.29  ]): AVL x XFOIL failed: XFOIL polar(s) failed:
sec_417b85fe9e: sec_417b85fe9e: polar end gap: 8/37 alphas converged, missing -6, -5.5, -1, -0.5, 0, 0.5, 1, 1.5, 2, 2.5, 3, 3.5, 4, 4.5, 5, 5.5, 6, 6.5, 7, 7.5, 8, 8.5, 9, 9.5, 10, 10.5, 11, 11.5, 12 (npane 250: 0/37; npane 260: 8/37; npane 265: 0/37)
15:31:10 INFO step1: lhs design 25/48: CD [0.027828, 0.028597, None]
15:31:17 WARNING bdFoil.Code.core.forces: strip_viscous (profile) case 0 c+8.2800_r+0.5000_y+4.0000_s+0.0000: 1 of 82 stations outside the polar range (alpha 0, cl 1), clamped at the polar ends as foil.py does; sections: sec_11117ae934
15:31:17 INFO step1: lhs design 26/48: CD [0.027176, 0.027944, 0.02545]
15:31:34 WARNING bdFoil.Code.core.xfoil: polar interior gap filled by interpolation at alpha = 4, 5
15:31:39 WARNING bdFoil.Code.core.forces: strip_viscous (profile) case 0 c+8.2800_r+0.5000_y+4.0000_s+0.0000: 1 of 82 stations outside the polar range (alpha 0, cl 1), clamped at the polar ends as foil.py does; sections: sec_c31ad34c75
15:31:39 INFO step1: lhs design 27/48: CD [0.026416, 0.026626, 0.026664]
15:31:47 WARNING bdFoil.Code.core.forces: strip_viscous (profile) case 0 c+8.2800_r+0.5000_y+4.0000_s+0.0000: 1 of 82 stations outside the polar range (alpha 0, cl 1), clamped at the polar ends as foil.py does; sections: sec_8bcba14e61
15:31:47 INFO step1: lhs design 28/48: CD [0.02636, 0.026839, 0.023522]
15:31:55 WARNING bdFoil.Code.core.forces: strip_viscous (profile) case 0 c+8.2800_r+0.5000_y+4.0000_s+0.0000: 1 of 82 stations outside the polar range (alpha 0, cl 1), clamped at the polar ends as foil.py does; sections: sec_567112290e
15:31:55 INFO step1: lhs design 29/48: CD [0.027527, 0.027378, 0.026161]
15:32:05 WARNING bdFoil.Code.core.xfoil: polar interior gap filled by interpolation at alpha = 5
15:32:10 WARNING bdFoil.Code.core.forces: strip_viscous (profile) case 0 c+8.2800_r+0.5000_y+4.0000_s+0.0000: 1 of 82 stations outside the polar range (alpha 0, cl 1), clamped at the polar ends as foil.py does; sections: sec_91307b4c66
15:32:10 INFO step1: lhs design 30/48: CD [0.027096, 0.027003, 0.025418]
15:32:18 WARNING bdFoil.Code.core.forces: strip_viscous (profile) case 0 c+8.2800_r+0.5000_y+4.0000_s+0.0000: 1 of 82 stations outside the polar range (alpha 0, cl 1), clamped at the polar ends as foil.py does; sections: sec_ab453e0165
15:32:18 INFO step1: lhs design 31/48: CD [0.026763, 0.026857, 0.024665]
15:32:25 WARNING bdFoil.Code.core.forces: strip_viscous (profile) case 0 c+8.2800_r+0.5000_y+4.0000_s+0.0000: 1 of 82 stations outside the polar range (alpha 0, cl 1), clamped at the polar ends as foil.py does; sections: sec_a64a158298
15:32:25 INFO step1: lhs design 32/48: CD [0.026888, 0.027376, 0.023426]
15:32:26 WARNING np_llt_solver: NeuralFoil confidence below 0.50 at 14 control points (min 0.22).
15:32:26 WARNING np_llt_solver: NeuralFoil confidence below 0.50 at 100 control points (min 0.06).
15:32:35 WARNING pipelines.bdtoolbox_foil.simulator: Evaluation failed (level 3, point [0.2817 0.9761 0.8637 0.7552 0.1621 0.1455 0.0685]): AVL x XFOIL failed: XFOIL polar(s) failed:
sec_0d3348417f: XFOIL gave no converged point for sec_0d3348417f (npane 250: 0/37; npane 260: 0/37; npane 265: 0/37); stdout tail: '  136  2   RLX: 0.009\r\n       a = -4.500      CL =-51.8917\r\n      Cm = 12.9959     CD =  0.00589   =>   CDf =  0.12870    CDp = -0.12282\r\n\r\n Side 1 forced transition at x/c =  0.1000   17\r\n Side 2  free  transition at x/c =  0.0009   10\r\n\r\n 105   rms: 0.8031E+01   max: -.6396E+01   U at  136  2   RLX: 0.010\r\n       a = -4.500      CL =-51.0262\r\n      Cm = 12.7747     CD =  0.00589   =>   CDf =  0.12682    CDp = -0.12093\r\n VISCAL:  Convergence failed\r\n\r\n Sequence halted since previous  4 points did not converge\r\n Last-converged  alpha =   0.000    CL =   0.00000\r\n\r\n.OPERva   c>  \r\n XFOIL   c>  '
15:32:35 INFO step1: lhs design 33/48: CD [0.027847, 0.028589, None]
15:32:35 WARNING np_llt_solver: NeuralFoil confidence below 0.50 at 5 control points (min 0.32).
15:32:36 WARNING np_llt_solver: No convergence after 200 iterations (max |R| = 1.23e-03 at control point 1, 0 clamped angles, last step factor 0.0156, 0.33 s). A lifting line meeting a wall (surface_type=0) or the ysym plane at an angle has a kink singularity at its root: use a small cut-off, e.g. core_radius=0.005.
15:32:36 WARNING np_llt_solver: NeuralFoil confidence below 0.50 at 99 control points (min 0.09).
15:32:36 WARNING pipelines.bdtoolbox_foil.simulator: Evaluation failed (level 2, point [0.1166 0.6455 0.9003 0.8031 0.8915 0.0244 0.1435]): NPLLT did not converge (max residual 1.23e-03, 200 iterations)
15:32:45 WARNING pipelines.bdtoolbox_foil.simulator: Evaluation failed (level 3, point [0.1166 0.6455 0.9003 0.8031 0.8915 0.0244 0.1435]): AVL x XFOIL failed: XFOIL polar(s) failed:
sec_6ca77a3fc6: XFOIL gave no converged point for sec_6ca77a3fc6 (npane 250: 0/37; npane 260: 0/37; npane 265: 0/37); stdout tail: '  138  2   RLX: 0.000\r\n       a = -4.500      CL =********\r\n      Cm =********     CD =  0.00446   =>   CDf = 40.71006    CDp =-40.70560\r\n\r\n Side 1 forced transition at x/c =  0.1000   15\r\n Side 2  free  transition at x/c =  0.0012    8\r\n\r\n 105   rms: 0.2092E+03   max: -.1697E+03   U at  138  2   RLX: 0.000\r\n       a = -4.500      CL =********\r\n      Cm =********     CD =  0.00446   =>   CDf = 40.70865    CDp =-40.70419\r\n VISCAL:  Convergence failed\r\n\r\n Sequence halted since previous  4 points did not converge\r\n Last-converged  alpha =   0.000    CL =   0.00000\r\n\r\n.OPERva   c>  \r\n XFOIL   c>  '
15:32:45 INFO step1: lhs design 34/48: CD [0.027194, None, None]
15:32:45 WARNING np_llt_solver: NeuralFoil confidence below 0.50 at 8 control points (min 0.30).
15:33:01 WARNING pipelines.bdtoolbox_foil.simulator: Evaluation failed (level 3, point [0.0757 0.8126 0.8871 0.2003 0.8373 0.7538 0.0653]): AVL x XFOIL failed: XFOIL polar(s) failed:
sec_d46abec616: sec_d46abec616: polar end gap: 2/37 alphas converged, missing -5, -4.5, -4, -3.5, -3, -2.5, -2, -1.5, -1, -0.5, 0, 0.5, 1, 1.5, 2, 2.5, 3, 3.5, 4, 4.5, 5, 5.5, 6, 6.5, 7, 7.5, 8, 8.5, 9, 9.5, 10, 10.5, 11, 11.5, 12 (npane 250: 0/37; npane 260: 0/37; npane 265: 2/37)
15:33:01 INFO step1: lhs design 35/48: CD [0.026337, 0.027715, None]
15:33:08 WARNING bdFoil.Code.core.forces: strip_viscous (profile) case 0 c+8.2800_r+0.5000_y+4.0000_s+0.0000: 1 of 82 stations outside the polar range (alpha 0, cl 1), clamped at the polar ends as foil.py does; sections: sec_c2ed11dd99
15:33:08 INFO step1: lhs design 36/48: CD [0.026397, 0.026912, 0.026277]
15:33:20 WARNING bdFoil.Code.core.xfoil: polar interior gap filled by interpolation at alpha = 6.5
15:33:25 WARNING bdFoil.Code.core.forces: strip_viscous (profile) case 0 c+8.2800_r+0.5000_y+4.0000_s+0.0000: 1 of 82 stations outside the polar range (alpha 0, cl 1), clamped at the polar ends as foil.py does; sections: sec_629ae9ddf6
15:33:25 INFO step1: lhs design 37/48: CD [0.026511, 0.027306, 0.024836]
15:33:33 WARNING bdFoil.Code.core.forces: strip_viscous (profile) case 0 c+8.2800_r+0.5000_y+4.0000_s+0.0000: 1 of 82 stations outside the polar range (alpha 0, cl 1), clamped at the polar ends as foil.py does; sections: sec_3c22d80277
15:33:33 INFO step1: lhs design 38/48: CD [0.0259, 0.026701, 0.024449]
15:33:40 WARNING bdFoil.Code.core.forces: strip_viscous (profile) case 0 c+8.2800_r+0.5000_y+4.0000_s+0.0000: 1 of 82 stations outside the polar range (alpha 0, cl 1), clamped at the polar ends as foil.py does; sections: sec_e1d650d6fa
15:33:40 INFO step1: lhs design 39/48: CD [0.026478, 0.026792, 0.024523]
15:33:48 WARNING bdFoil.Code.core.forces: strip_viscous (profile) case 0 c+8.2800_r+0.5000_y+4.0000_s+0.0000: 1 of 82 stations outside the polar range (alpha 0, cl 1), clamped at the polar ends as foil.py does; sections: sec_26b4a892da
15:33:48 INFO step1: lhs design 40/48: CD [0.026596, 0.026942, 0.024023]
15:33:55 WARNING bdFoil.Code.core.forces: strip_viscous (profile) case 0 c+8.2800_r+0.5000_y+4.0000_s+0.0000: 1 of 82 stations outside the polar range (alpha 0, cl 1), clamped at the polar ends as foil.py does; sections: sec_8376beabdd
15:33:55 INFO step1: lhs design 41/48: CD [0.027023, 0.026843, 0.025361]
15:34:02 WARNING bdFoil.Code.core.forces: strip_viscous (profile) case 0 c+8.2800_r+0.5000_y+4.0000_s+0.0000: 1 of 82 stations outside the polar range (alpha 0, cl 1), clamped at the polar ends as foil.py does; sections: sec_a853ecf7b4
15:34:02 INFO step1: lhs design 42/48: CD [0.027108, 0.02725, 0.025046]
15:34:10 WARNING bdFoil.Code.core.forces: strip_viscous (profile) case 0 c+8.2800_r+0.5000_y+4.0000_s+0.0000: 1 of 82 stations outside the polar range (alpha 0, cl 1), clamped at the polar ends as foil.py does; sections: sec_642902341d
15:34:10 INFO step1: lhs design 43/48: CD [0.027003, 0.026887, 0.023314]
15:34:18 WARNING bdFoil.Code.core.forces: strip_viscous (profile) case 0 c+8.2800_r+0.5000_y+4.0000_s+0.0000: 1 of 82 stations outside the polar range (alpha 0, cl 1), clamped at the polar ends as foil.py does; sections: sec_8bc75256ff
15:34:19 INFO step1: lhs design 44/48: CD [0.026528, 0.027281, 0.025479]
15:34:26 WARNING bdFoil.Code.core.forces: strip_viscous (profile) case 0 c+8.2800_r+0.5000_y+4.0000_s+0.0000: 1 of 82 stations outside the polar range (alpha 0, cl 1), clamped at the polar ends as foil.py does; sections: sec_6be31d1587
15:34:26 INFO step1: lhs design 45/48: CD [0.026761, 0.027251, 0.026351]
15:34:42 WARNING bdFoil.Code.core.forces: strip_viscous (profile) case 0 c+8.2800_r+0.5000_y+4.0000_s+0.0000: 1 of 82 stations outside the polar range (alpha 0, cl 1), clamped at the polar ends as foil.py does; sections: sec_8f9342e810
15:34:42 INFO step1: lhs design 46/48: CD [0.026459, 0.026698, 0.0263]
15:34:50 WARNING bdFoil.Code.core.forces: strip_viscous (profile) case 0 c+8.2800_r+0.5000_y+4.0000_s+0.0000: 1 of 82 stations outside the polar range (alpha 0, cl 1), clamped at the polar ends as foil.py does; sections: sec_2441f002bc
15:34:50 INFO step1: lhs design 47/48: CD [0.02709, 0.027233, 0.025767]
15:35:02 WARNING bdFoil.Code.core.xfoil: polar interior gap filled by interpolation at alpha = -3
15:35:07 WARNING bdFoil.Code.core.forces: strip_viscous (profile) case 0 c+8.2800_r+0.5000_y+4.0000_s+0.0000: 1 of 82 stations outside the polar range (alpha 0, cl 1), clamped at the polar ends as foil.py does; sections: sec_d8f64b193c
15:35:07 INFO step1: lhs design 48/48: CD [0.026379, 0.027398, 0.023972]
15:35:07 INFO step1: Recommendation: L1: 1.2x cheaper than L2, Spearman with L3 0.114 -> questionable
15:35:07 INFO step1: Recommendation: L2: 45.6x cheaper than L3, Spearman with L3 -0.208 -> questionable
15:35:07 INFO step1: L1-L3: {'pearson': 0.1301, 'spearman': 0.1143, 'kendall': 0.0875, 'top10_overlap': 0.0, 'slope': 0.3536, 'intercept': 0.0155, 'residual_std': 0.001, 'mean_offset': -0.0018, 'std_low': 0.0004, 'std_high': 0.001}
15:35:07 INFO step1: L2-L3: {'pearson': -0.2104, 'spearman': -0.2082, 'kendall': -0.1163, 'top10_overlap': 0.0, 'slope': -0.5263, 'intercept': 0.0393, 'residual_std': 0.001, 'mean_offset': -0.0022, 'std_low': 0.0004, 'std_high': 0.001}
15:35:07 INFO step1: L1-L2: {'pearson': 0.488, 'spearman': 0.5041, 'kendall': 0.3621, 'top10_overlap': 0.25, 'slope': 0.5301, 'intercept': 0.013, 'residual_std': 0.0003, 'mean_offset': 0.0004, 'std_low': 0.0004, 'std_high': 0.0004}
15:35:07 INFO step1: Costs: {1: 0.181, 2: 0.209, 3: 9.518}
15:35:07 INFO step1: Failures per level: {1: 0, 2: 1, 3: 6}
15:35:25 WARNING bdFoil.Code.core.forces: strip_viscous (profile) case 0 c+8.2800_r+0.5000_y+4.0000_s+0.0000: 1 of 82 stations outside the polar range (alpha 0, cl 1), clamped at the polar ends as foil.py does; sections: sec_eca9872a99
15:35:32 WARNING bdFoil.Code.core.forces: strip_viscous (profile) case 0 c+8.2800_r+0.5000_y+4.0000_s+0.0000: 1 of 82 stations outside the polar range (alpha 0, cl 1), clamped at the polar ends as foil.py does; sections: sec_0882b1d838
15:35:40 WARNING bdFoil.Code.core.forces: strip_viscous (profile) case 0 c+8.2800_r+0.5000_y+4.0000_s+0.0000: 1 of 82 stations outside the polar range (alpha 0, cl 1), clamped at the polar ends as foil.py does; sections: sec_e75729b097
15:35:51 WARNING bdFoil.Code.core.forces: strip_viscous (profile) case 0 c+8.2800_r+0.5000_y+4.0000_s+0.0000: 1 of 82 stations outside the polar range (alpha 0, cl 1), clamped at the polar ends as foil.py does; sections: sec_1c9a6684a3
15:36:01 WARNING bdFoil.Code.core.forces: strip_viscous (profile) case 0 c+8.2800_r+0.5000_y+4.0000_s+0.0000: 1 of 82 stations outside the polar range (alpha 0, cl 1), clamped at the polar ends as foil.py does; sections: sec_6af59d0776
15:36:16 WARNING bdFoil.Code.core.xfoil: polar interior gap filled by interpolation at alpha = 5
15:36:21 WARNING bdFoil.Code.core.forces: strip_viscous (profile) case 0 c+8.2800_r+0.5000_y+4.0000_s+0.0000: 1 of 82 stations outside the polar range (alpha 0, cl 1), clamped at the polar ends as foil.py does; sections: sec_40a3d8226d
15:36:28 WARNING bdFoil.Code.core.forces: strip_viscous (profile) case 0 c+8.2800_r+0.5000_y+4.0000_s+0.0000: 1 of 82 stations outside the polar range (alpha 0, cl 1), clamped at the polar ends as foil.py does; sections: sec_f9d3da3f51
15:36:45 WARNING bdFoil.Code.core.xfoil: polar interior gap filled by interpolation at alpha = 2.5, 5.5
15:36:50 WARNING bdFoil.Code.core.forces: strip_viscous (profile) case 0 c+8.2800_r+0.5000_y+4.0000_s+0.0000: 1 of 82 stations outside the polar range (alpha 0, cl 1), clamped at the polar ends as foil.py does; sections: sec_4079d67de2
15:37:02 WARNING bdFoil.Code.core.xfoil: polar interior gap filled by interpolation at alpha = 10.5
15:37:07 WARNING bdFoil.Code.core.forces: strip_viscous (profile) case 0 c+8.2800_r+0.5000_y+4.0000_s+0.0000: 1 of 82 stations outside the polar range (alpha 0, cl 1), clamped at the polar ends as foil.py does; sections: sec_883a21bd72
15:37:19 WARNING bdFoil.Code.core.forces: strip_viscous (profile) case 0 c+8.2800_r+0.5000_y+4.0000_s+0.0000: 1 of 82 stations outside the polar range (alpha 0, cl 1), clamped at the polar ends as foil.py does; sections: sec_0fd63d0da8
15:37:34 WARNING bdFoil.Code.core.forces: strip_viscous (profile) case 0 c+8.2800_r+0.5000_y+4.0000_s+0.0000: 1 of 82 stations outside the polar range (alpha 0, cl 1), clamped at the polar ends as foil.py does; sections: sec_9b4275216c
15:37:45 WARNING bdFoil.Code.core.xfoil: polar interior gap filled by interpolation at alpha = 7
15:37:49 WARNING bdFoil.Code.core.forces: strip_viscous (profile) case 0 c+8.2800_r+0.5000_y+4.0000_s+0.0000: 1 of 82 stations outside the polar range (alpha 0, cl 1), clamped at the polar ends as foil.py does; sections: sec_adc994e46c
15:37:57 WARNING bdFoil.Code.core.forces: strip_viscous (profile) case 0 c+8.2800_r+0.5000_y+4.0000_s+0.0000: 1 of 82 stations outside the polar range (alpha 0, cl 1), clamped at the polar ends as foil.py does; sections: sec_0fa757618f
15:38:05 WARNING bdFoil.Code.core.forces: strip_viscous (profile) case 0 c+8.2800_r+0.5000_y+4.0000_s+0.0000: 1 of 82 stations outside the polar range (alpha 0, cl 1), clamped at the polar ends as foil.py does; sections: sec_9b6d7a2e30
15:38:12 WARNING bdFoil.Code.core.forces: strip_viscous (profile) case 0 c+8.2800_r+0.5000_y+4.0000_s+0.0000: 1 of 82 stations outside the polar range (alpha 0, cl 1), clamped at the polar ends as foil.py does; sections: sec_dbe31319d0
15:38:20 WARNING bdFoil.Code.core.forces: strip_viscous (profile) case 0 c+8.2800_r+0.5000_y+4.0000_s+0.0000: 1 of 82 stations outside the polar range (alpha 0, cl 1), clamped at the polar ends as foil.py does; sections: sec_75e1fc58e3
15:38:27 WARNING bdFoil.Code.core.forces: strip_viscous (profile) case 0 c+8.2800_r+0.5000_y+4.0000_s+0.0000: 1 of 82 stations outside the polar range (alpha 0, cl 1), clamped at the polar ends as foil.py does; sections: sec_59f52e1f5b
15:38:34 WARNING bdFoil.Code.core.forces: strip_viscous (profile) case 0 c+8.2800_r+0.5000_y+4.0000_s+0.0000: 1 of 82 stations outside the polar range (alpha 0, cl 1), clamped at the polar ends as foil.py does; sections: sec_054d61a7c8
15:38:42 WARNING bdFoil.Code.core.forces: strip_viscous (profile) case 0 c+8.2800_r+0.5000_y+4.0000_s+0.0000: 1 of 82 stations outside the polar range (alpha 0, cl 1), clamped at the polar ends as foil.py does; sections: sec_fde6197572
15:38:52 WARNING bdFoil.Code.core.xfoil: polar interior gap filled by interpolation at alpha = 4
15:38:57 WARNING bdFoil.Code.core.forces: strip_viscous (profile) case 0 c+8.2800_r+0.5000_y+4.0000_s+0.0000: 1 of 82 stations outside the polar range (alpha 0, cl 1), clamped at the polar ends as foil.py does; sections: sec_b887de0e06
15:39:08 WARNING bdFoil.Code.core.xfoil: polar interior gap filled by interpolation at alpha = -0.5
15:39:13 WARNING bdFoil.Code.core.forces: strip_viscous (profile) case 0 c+8.2800_r+0.5000_y+4.0000_s+0.0000: 1 of 82 stations outside the polar range (alpha 0, cl 1), clamped at the polar ends as foil.py does; sections: sec_e8e52be052
15:39:23 WARNING bdFoil.Code.core.xfoil: polar interior gap filled by interpolation at alpha = -1.5
15:39:28 WARNING bdFoil.Code.core.forces: strip_viscous (profile) case 0 c+8.2800_r+0.5000_y+4.0000_s+0.0000: 1 of 82 stations outside the polar range (alpha 0, cl 1), clamped at the polar ends as foil.py does; sections: sec_bbce877f30
15:39:41 WARNING bdFoil.Code.core.xfoil: polar interior gap filled by interpolation at alpha = 5.5
15:39:46 WARNING bdFoil.Code.core.forces: strip_viscous (profile) case 0 c+8.2800_r+0.5000_y+4.0000_s+0.0000: 1 of 82 stations outside the polar range (alpha 0, cl 1), clamped at the polar ends as foil.py does; sections: sec_a2e91ddf6d
15:39:58 WARNING bdFoil.Code.core.xfoil: polar interior gap filled by interpolation at alpha = 5.5
15:40:03 WARNING bdFoil.Code.core.forces: strip_viscous (profile) case 0 c+8.2800_r+0.5000_y+4.0000_s+0.0000: 1 of 82 stations outside the polar range (alpha 0, cl 1), clamped at the polar ends as foil.py does; sections: sec_5eafb76d5b
15:40:03 INFO step1: Noise L1: {'perturbation_std': 9.618316305611354e-07, 'n_designs': 6, 'output_std': 0.0004465865800367921, 'noise_variance_ratio': 4.638598395778676e-06}
15:40:03 INFO step1: Noise L2: {'perturbation_std': 1.0864049254138455e-06, 'n_designs': 6, 'output_std': 0.0005260899317654125, 'noise_variance_ratio': 4.264454361958264e-06}
15:40:03 INFO step1: Noise L3: {'perturbation_std': 3.467755257262147e-06, 'n_designs': 6, 'output_std': 0.001003221126719302, 'noise_variance_ratio': 1.1948229033959705e-05}
15:40:08 WARNING bdFoil.Code.core.forces: strip_viscous (profile) case 0 c+8.2800_r+0.5000_y+4.0000_s+0.0000: 1 of 82 stations outside the polar range (alpha 0, cl 1), clamped at the polar ends as foil.py does; sections: sec_3f984902bf
15:40:08 WARNING np_llt_solver: Angle of attack outside the polar table at 1 control points [0].
15:40:08 WARNING np_llt_solver: Angle of attack outside the polar table at 1 control points [0].
15:40:08 WARNING np_llt_solver: Angle of attack outside the polar table at 2 control points [0, 1].
15:40:08 WARNING np_llt_solver: Angle of attack outside the polar table at 2 control points [0, 1].
15:40:11 WARNING bdFoil.Code.core.forces: strip_viscous (profile) case 0 c+8.2800_r+0.5000_y+4.0000_s+0.0000: 1 of 82 stations outside the polar range (alpha 0, cl 1), clamped at the polar ends as foil.py does; sections: sec_3f984902bf
15:40:16 WARNING bdFoil.Code.core.forces: strip_viscous (profile) case 0 c+8.2800_r+0.5000_y+4.0000_s+0.0000: 1 of 82 stations outside the polar range (alpha 0, cl 1), clamped at the polar ends as foil.py does; sections: sec_3f984902bf
15:40:26 WARNING bdFoil.Code.core.forces: strip_viscous (profile) case 0 c+8.2800_r+0.5000_y+4.0000_s+0.0000: 1 of 82 stations outside the polar range (alpha 0, cl 1), clamped at the polar ends as foil.py does; sections: sec_3f984902bf
15:40:26 INFO step1: mesh {'level': 1, 'nodes': 25, 'CD': 0.026466, 'Cdi': 0.01803, 'Cdprofile': 0.008437, 'time_s': 0.033108}
15:40:26 INFO step1: mesh {'level': 2, 'nodes': 25, 'CD': 0.026632, 'Cdi': 0.018092, 'Cdprofile': 0.00854, 'time_s': 0.065734}
15:40:26 INFO step1: mesh {'level': 1, 'nodes': 50, 'CD': 0.026495, 'Cdi': 0.018061, 'Cdprofile': 0.008434, 'time_s': 0.045889}
15:40:26 INFO step1: mesh {'level': 2, 'nodes': 50, 'CD': 0.026661, 'Cdi': 0.018123, 'Cdprofile': 0.008538, 'time_s': 0.066273}
15:40:26 INFO step1: mesh {'level': 1, 'nodes': 100, 'CD': 0.026497, 'Cdi': 0.018062, 'Cdprofile': 0.008435, 'time_s': 0.047937}
15:40:26 INFO step1: mesh {'level': 2, 'nodes': 100, 'CD': 0.02666, 'Cdi': 0.018122, 'Cdprofile': 0.008538, 'time_s': 0.068216}
15:40:26 INFO step1: mesh {'level': 1, 'nodes': 200, 'CD': 0.026483, 'Cdi': 0.018039, 'Cdprofile': 0.008444, 'time_s': 0.062336}
15:40:26 INFO step1: mesh {'level': 2, 'nodes': 200, 'CD': 0.026644, 'Cdi': 0.018098, 'Cdprofile': 0.008546, 'time_s': 0.085336}
15:40:26 INFO step1: mesh {'level': 1, 'nodes': 400, 'CD': 0.026534, 'Cdi': 0.018076, 'Cdprofile': 0.008459, 'time_s': 0.130311}
15:40:26 INFO step1: mesh {'level': 2, 'nodes': 400, 'CD': 0.026715, 'Cdi': 0.018141, 'Cdprofile': 0.008575, 'time_s': 0.159687}
15:40:26 INFO step1: mesh {'nspan': 100, 'CD': 0.024598, 'Cdi': 0.016022, 'Cdprofile': 0.008576, 'time_s': 2.530201}
15:40:26 INFO step1: mesh {'nspan': 205, 'CD': 0.024597, 'Cdi': 0.016022, 'Cdprofile': 0.008576, 'time_s': 4.974222}
15:40:26 INFO step1: mesh {'nspan': 300, 'CD': 0.024598, 'Cdi': 0.016022, 'Cdprofile': 0.008576, 'time_s': 10.234889}
15:40:27 INFO step1: Step 1 done in 13.2 min
