
==========================================
   EXPERIMENT CONFIGURATION
==========================================
 - Iterations : 20
 - Levels (L) : 2
 - Costs      : [1.0, 1.0]
 - Initial DoE: [10, 10] points
==========================================

Generating the initial Non-Nested Latin Hypercube Design...
Evaluating initial Level 1 (10 points)...
Evaluating initial Level 2 (10 points)...

Initial best High-Fidelity point: -1.3219

==========================================
   STARTING MULTI-FIDELITY EGO
==========================================

--- EGO Iteration 1/20 ---
   GP Level 1 | Log-Likelihood: -11.54
   GP Level 2 | Log-Likelihood: -2.09 | rho = 0.207
-> Next point: x = [0.587  0.7972 0.5768] | Fidelity = 1 | Merit = 0.06186

--- EGO Iteration 2/20 ---
   GP Level 1 | Log-Likelihood: -13.21
   GP Level 2 | Log-Likelihood: -2.05 | rho = 0.272
-> Next point: x = [0.5888 0.7971 0.5753] | Fidelity = 1 | Merit = 0.25141

--- EGO Iteration 3/20 ---
   GP Level 1 | Log-Likelihood: -9.23
   GP Level 2 | Log-Likelihood: -5.14 | rho = 0.558
-> Next point: x = [0.8575 0.3627 0.2062] | Fidelity = 2 | Merit = 0.03357

--- EGO Iteration 4/20 ---
   GP Level 1 | Log-Likelihood: -9.22
   GP Level 2 | Log-Likelihood: -6.02 | rho = 0.646
-> Next point: x = [0.9185 0.3443 0.208 ] | Fidelity = 1 | Merit = 0.06103

--- EGO Iteration 5/20 ---
   GP Level 1 | Log-Likelihood: -7.94
   GP Level 2 | Log-Likelihood: -0.97 | rho = 0.815
-> Next point: x = [0.9428 0.2167 0.3357] | Fidelity = 1 | Merit = 0.14343

--- EGO Iteration 6/20 ---
   GP Level 1 | Log-Likelihood: -9.12
   GP Level 2 | Log-Likelihood: 0.64 | rho = 0.962
-> Next point: x = [0.1943 0.8692 0.748 ] | Fidelity = 1 | Merit = 0.25124

--- EGO Iteration 7/20 ---
   GP Level 1 | Log-Likelihood: -9.48
   GP Level 2 | Log-Likelihood: -0.74 | rho = 0.584
-> Next point: x = [0.3764 0.     0.6869] | Fidelity = 2 | Merit = 0.04218

--- EGO Iteration 8/20 ---
   GP Level 1 | Log-Likelihood: -9.49
   GP Level 2 | Log-Likelihood: -0.40 | rho = 0.566
-> Next point: x = [0.9715 0.3085 0.2145] | Fidelity = 2 | Merit = 0.18077

--- EGO Iteration 9/20 ---
   GP Level 1 | Log-Likelihood: -9.48
   GP Level 2 | Log-Likelihood: -0.34 | rho = 0.797
-> Next point: x = [0.8571 0.4169 0.2345] | Fidelity = 1 | Merit = 0.02167

--- EGO Iteration 10/20 ---
   GP Level 1 | Log-Likelihood: -8.92
   GP Level 2 | Log-Likelihood: -1.72 | rho = 0.543
-> Next point: x = [0.8573 0.4319 0.2404] | Fidelity = 2 | Merit = 0.09871

--- EGO Iteration 11/20 ---
   GP Level 1 | Log-Likelihood: -11.10
   GP Level 2 | Log-Likelihood: -2.37 | rho = 0.899
-> Next point: x = [0.8236 0.5123 0.2944] | Fidelity = 1 | Merit = 0.03609

--- EGO Iteration 12/20 ---
   GP Level 1 | Log-Likelihood: -10.79
   GP Level 2 | Log-Likelihood: -1.42 | rho = 0.707
-> Next point: x = [0.8908 0.5385 0.2435] | Fidelity = 1 | Merit = 0.08675

--- EGO Iteration 13/20 ---
   GP Level 1 | Log-Likelihood: -10.00
   GP Level 2 | Log-Likelihood: -3.84 | rho = 0.798
-> Next point: x = [1.     0.4396 0.2563] | Fidelity = 2 | Merit = 0.06274

--- EGO Iteration 14/20 ---
   GP Level 1 | Log-Likelihood: -10.36
   GP Level 2 | Log-Likelihood: -3.63 | rho = 0.687
-> Next point: x = [0.2732 0.005  0.7136] | Fidelity = 2 | Merit = 0.02787

--- EGO Iteration 15/20 ---
   GP Level 1 | Log-Likelihood: -10.00
   GP Level 2 | Log-Likelihood: -5.32 | rho = 0.776
-> Next point: x = [1.     0.4655 0.2773] | Fidelity = 2 | Merit = 0.05412

--- EGO Iteration 16/20 ---
   GP Level 1 | Log-Likelihood: -10.00
   GP Level 2 | Log-Likelihood: -2.58 | rho = 0.813
-> Next point: x = [0.2728 0.     0.7145] | Fidelity = 1 | Merit = 0.10788

--- EGO Iteration 17/20 ---
   GP Level 1 | Log-Likelihood: -9.86
   GP Level 2 | Log-Likelihood: -2.44 | rho = 0.849
-> Next point: x = [0.276  0.0562 0.6602] | Fidelity = 1 | Merit = 0.07609

--- EGO Iteration 18/20 ---
   GP Level 1 | Log-Likelihood: -8.19
   GP Level 2 | Log-Likelihood: -1.64 | rho = 0.840
-> Next point: x = [0.275  0.3827 0.7076] | Fidelity = 1 | Merit = 0.10115

--- EGO Iteration 19/20 ---
   GP Level 1 | Log-Likelihood: -7.00
   GP Level 2 | Log-Likelihood: -2.17 | rho = 0.798
-> Next point: x = [0.895  0.2287 0.2425] | Fidelity = 2 | Merit = 0.09557

--- EGO Iteration 20/20 ---
   GP Level 1 | Log-Likelihood: -7.00
   GP Level 2 | Log-Likelihood: -1.87 | rho = 0.833
-> Next point: x = [0.7906 0.4331 0.2719] | Fidelity = 2 | Merit = 0.11272
max value found in the final training data:
0.6671842001863446  with coordinates: [0.05410842 0.64312588 0.0860203 ]

==========================================
   OPTIMIZATION COMPLETED
==========================================
Absolute best point found: -1.78789996
==================================================
 BEST AIRFOIL FOUND (Level 2/2)
==================================================
Closest standard NACA  : ** NACA4308 **
Exact values found     : Camber 3.91%, Thickness 8.04%
Aerodynamic performance: Cl = 1.0123 | Cd = 0.0148 | Alpha = 5.71°
==================================================

=> Best points and hyperparameters saved to TXT (for reading) and JSON (for reloading).

Generating final plots...

=> Plot saved as 'problem_data/ego_convergence_results.png'.

==========================================
   EXPERIMENT CONFIGURATION
==========================================
 - Iterations : 20
 - Levels (L) : 2
 - Costs      : [1.0, 1.0]
 - Initial DoE: [20, 10] points
==========================================

Generating the initial Non-Nested Latin Hypercube Design...
Evaluating initial Level 1 (20 points)...
Evaluating initial Level 2 (10 points)...

Initial best High-Fidelity point: -1.3250

==========================================
   STARTING MULTI-FIDELITY EGO
==========================================

--- EGO Iteration 1/20 ---
   GP Level 1 | Log-Likelihood: -22.72
   GP Level 2 | Log-Likelihood: -4.56 | rho = 0.163
-> Next point: x = [0.3107 0.2052 1.    ] | Fidelity = 2 | Merit = 0.08681

--- EGO Iteration 2/20 ---
   GP Level 1 | Log-Likelihood: -9.43
   GP Level 2 | Log-Likelihood: 2.64 | rho = 0.482
-> Next point: x = [0.2795 0.9909 0.8228] | Fidelity = 1 | Merit = 0.05367

--- EGO Iteration 3/20 ---
   GP Level 1 | Log-Likelihood: -10.05
   GP Level 2 | Log-Likelihood: 1.97 | rho = 0.577
-> Next point: x = [0.3028 0.7869 0.7486] | Fidelity = 2 | Merit = 0.07449

--- EGO Iteration 4/20 ---
   GP Level 1 | Log-Likelihood: -24.59
   GP Level 2 | Log-Likelihood: -10.31 | rho = 0.719
-> Next point: x = [0.2446 0.4647 0.815 ] | Fidelity = 2 | Merit = 0.01087

--- EGO Iteration 5/20 ---
   GP Level 1 | Log-Likelihood: -10.05
   GP Level 2 | Log-Likelihood: 2.59 | rho = 0.575
-> Next point: x = [0.2663 0.7441 0.7866] | Fidelity = 2 | Merit = 0.02316

--- EGO Iteration 6/20 ---
   GP Level 1 | Log-Likelihood: -10.05
   GP Level 2 | Log-Likelihood: 3.63 | rho = 0.591
-> Next point: x = [0.3106 0.6558 0.7186] | Fidelity = 2 | Merit = 0.03161

--- EGO Iteration 7/20 ---
   GP Level 1 | Log-Likelihood: -10.05
   GP Level 2 | Log-Likelihood: 4.94 | rho = 0.626
-> Next point: x = [0.2994 0.7419 0.7028] | Fidelity = 1 | Merit = 0.02408

--- EGO Iteration 8/20 ---
   GP Level 1 | Log-Likelihood: -26.34
   GP Level 2 | Log-Likelihood: -3.80 | rho = 0.314
-> Next point: x = [0.3008 0.7412 0.7068] | Fidelity = 1 | Merit = 0.30515

--- EGO Iteration 9/20 ---
   GP Level 1 | Log-Likelihood: -7.88
   GP Level 2 | Log-Likelihood: 3.56 | rho = 0.571
-> Next point: x = [0.3347 0.6803 0.7172] | Fidelity = 1 | Merit = 0.01292

--- EGO Iteration 10/20 ---
   GP Level 1 | Log-Likelihood: -11.72
   GP Level 2 | Log-Likelihood: 4.77 | rho = 0.629
-> Next point: x = [1.     1.     0.1708] | Fidelity = 1 | Merit = 0.00541

--- EGO Iteration 11/20 ---
   GP Level 1 | Log-Likelihood: -25.91
   GP Level 2 | Log-Likelihood: -0.14 | rho = 0.460
-> Next point: x = [0.3304 0.     0.7154] | Fidelity = 1 | Merit = 0.25010

--- EGO Iteration 12/20 ---
   GP Level 1 | Log-Likelihood: -9.82
   GP Level 2 | Log-Likelihood: 6.32 | rho = 0.688
-> Next point: x = [0.3292 0.6507 0.7302] | Fidelity = 2 | Merit = 0.00299

--- EGO Iteration 13/20 ---
   GP Level 1 | Log-Likelihood: -20.29
   GP Level 2 | Log-Likelihood: 7.14 | rho = 0.765
-> Next point: x = [0.046  0.0213 1.    ] | Fidelity = 1 | Merit = 0.14411

--- EGO Iteration 14/20 ---
   GP Level 1 | Log-Likelihood: -10.75
   GP Level 2 | Log-Likelihood: 3.49 | rho = 0.754
-> Next point: x = [0.2059 0.6082 0.8159] | Fidelity = 2 | Merit = 0.02509

--- EGO Iteration 15/20 ---
   GP Level 1 | Log-Likelihood: -10.26
   GP Level 2 | Log-Likelihood: 4.93 | rho = 0.761
-> Next point: x = [0.3075 0.5798 0.7368] | Fidelity = 1 | Merit = 0.02029

--- EGO Iteration 16/20 ---
   GP Level 1 | Log-Likelihood: -19.86
   GP Level 2 | Log-Likelihood: -4.52 | rho = 0.560
-> Next point: x = [0.2641 0.255  0.6909] | Fidelity = 2 | Merit = 0.25752

--- EGO Iteration 17/20 ---
   GP Level 1 | Log-Likelihood: -15.94
   GP Level 2 | Log-Likelihood: 0.43 | rho = 0.694
-> Next point: x = [0.2784 0.214  0.6946] | Fidelity = 1 | Merit = 0.09437

--- EGO Iteration 18/20 ---
   GP Level 1 | Log-Likelihood: -18.55
   GP Level 2 | Log-Likelihood: 3.00 | rho = 1.357
-> Next point: x = [0.1343 0.178  0.7306] | Fidelity = 1 | Merit = 0.33240

--- EGO Iteration 19/20 ---
   GP Level 1 | Log-Likelihood: -16.42
   GP Level 2 | Log-Likelihood: -1.83 | rho = 0.659
-> Next point: x = [0.292  0.231  0.6902] | Fidelity = 2 | Merit = 0.10087

--- EGO Iteration 20/20 ---
   GP Level 1 | Log-Likelihood: -16.42
   GP Level 2 | Log-Likelihood: -0.69 | rho = 0.645
-> Next point: x = [0.3548 0.792  0.8574] | Fidelity = 2 | Merit = 0.02274
max value found in the final training data:
0.4751718898244069  with coordinates: [0.073413   0.50308236 0.22212491]

==========================================
   OPTIMIZATION COMPLETED
==========================================
Absolute best point found: -1.81041776
==================================================
 BEST AIRFOIL FOUND (Level 2/2)
==================================================
Closest standard NACA  : ** NACA4310 **
Exact values found     : Camber 3.85%, Thickness 10.29%
Aerodynamic performance: Cl = 0.9907 | Cd = 0.0146 | Alpha = 5.53°
==================================================

=> Best points and hyperparameters saved to TXT (for reading) and JSON (for reloading).

Generating final plots...

=> Plot saved as 'problem_data/ego_convergence_results.png'.

==========================================
   EXPERIMENT CONFIGURATION
==========================================
 - Iterations : 60
 - Levels (L) : 2
 - Costs      : [1.0, 1.0]
 - Initial DoE: [20, 10] points
==========================================

Generating the initial Non-Nested Latin Hypercube Design...
Evaluating initial Level 1 (20 points)...
Evaluating initial Level 2 (10 points)...

Initial best High-Fidelity point: -1.3250

==========================================
   STARTING MULTI-FIDELITY EGO
==========================================

--- EGO Iteration 1/60 ---
   GP Level 1 | Log-Likelihood: -22.72
   GP Level 2 | Log-Likelihood: -6.82 | rho = 0.588
-> Next point: x = [0.1323 0.3615 0.5928] | Fidelity = 2 | Merit = 0.00777

--- EGO Iteration 2/60 ---
   GP Level 1 | Log-Likelihood: -9.43
   GP Level 2 | Log-Likelihood: 10.98 | rho = 0.768
-> Next point: x = [0.1978 0.0688 0.9394] | Fidelity = 1 | Merit = 0.18756

--- EGO Iteration 3/60 ---
   GP Level 1 | Log-Likelihood: -23.33
   GP Level 2 | Log-Likelihood: -2.11 | rho = 0.313
-> Next point: x = [0.3217 0.7336 0.8219] | Fidelity = 1 | Merit = 0.09332

--- EGO Iteration 4/60 ---
   GP Level 1 | Log-Likelihood: -24.28
   GP Level 2 | Log-Likelihood: -2.11 | rho = 0.294
-> Next point: x = [0.3241 0.7343 0.8157] | Fidelity = 1 | Merit = 0.13909

--- EGO Iteration 5/60 ---
   GP Level 1 | Log-Likelihood: -12.96
   GP Level 2 | Log-Likelihood: 4.20 | rho = 0.771
-> Next point: x = [0.2276 0.9376 0.7697] | Fidelity = 1 | Merit = 0.65071

--- EGO Iteration 6/60 ---
   GP Level 1 | Log-Likelihood: -16.57
   GP Level 2 | Log-Likelihood: 5.13 | rho = 0.742
-> Next point: x = [0.358  0.7992 0.6574] | Fidelity = 1 | Merit = 0.60503

--- EGO Iteration 7/60 ---
   GP Level 1 | Log-Likelihood: -17.83
   GP Level 2 | Log-Likelihood: 6.53 | rho = 0.890
-> Next point: x = [0.294  0.7128 0.6781] | Fidelity = 1 | Merit = 0.43071

--- EGO Iteration 8/60 ---
   GP Level 1 | Log-Likelihood: -17.45
   GP Level 2 | Log-Likelihood: 2.91 | rho = 0.704
-> Next point: x = [0.3147 0.9312 0.8822] | Fidelity = 1 | Merit = 0.08867

--- EGO Iteration 9/60 ---
   GP Level 1 | Log-Likelihood: -15.97
   GP Level 2 | Log-Likelihood: 0.36 | rho = 0.947
-> Next point: x = [0.3509 0.8109 0.7155] | Fidelity = 2 | Merit = 0.54897

--- EGO Iteration 10/60 ---
   GP Level 1 | Log-Likelihood: -15.97
   GP Level 2 | Log-Likelihood: 0.60 | rho = 0.817
-> Next point: x = [0.045  0.9441 0.8315] | Fidelity = 1 | Merit = 0.13170

--- EGO Iteration 11/60 ---
   GP Level 1 | Log-Likelihood: -17.07
   GP Level 2 | Log-Likelihood: 1.89 | rho = 0.519
-> Next point: x = [0.3132 0.3412 0.7327] | Fidelity = 1 | Merit = 0.04003

--- EGO Iteration 12/60 ---
   GP Level 1 | Log-Likelihood: -17.16
   GP Level 2 | Log-Likelihood: 3.65 | rho = 0.821
-> Next point: x = [0.1552 0.3916 0.8088] | Fidelity = 1 | Merit = 0.13494

--- EGO Iteration 13/60 ---
   GP Level 1 | Log-Likelihood: -16.47
   GP Level 2 | Log-Likelihood: 4.42 | rho = 0.790
-> Next point: x = [0.4102 1.     0.716 ] | Fidelity = 1 | Merit = 0.07349

--- EGO Iteration 14/60 ---
   GP Level 1 | Log-Likelihood: -15.97
   GP Level 2 | Log-Likelihood: 4.13 | rho = 0.805
-> Next point: x = [0.3338 1.     0.7092] | Fidelity = 1 | Merit = 0.02346

--- EGO Iteration 15/60 ---
   GP Level 1 | Log-Likelihood: -16.40
   GP Level 2 | Log-Likelihood: 4.69 | rho = 0.725
-> Next point: x = [0.14  0.749 0.808] | Fidelity = 1 | Merit = 0.07687

--- EGO Iteration 16/60 ---
   GP Level 1 | Log-Likelihood: -16.64
   GP Level 2 | Log-Likelihood: 1.76 | rho = 0.776
-> Next point: x = [0.1714 0.403  0.7898] | Fidelity = 2 | Merit = 0.09645

--- EGO Iteration 17/60 ---
   GP Level 1 | Log-Likelihood: -16.64
   GP Level 2 | Log-Likelihood: 3.50 | rho = 0.704
-> Next point: x = [0.1508 0.7179 0.8966] | Fidelity = 1 | Merit = 0.03447

--- EGO Iteration 18/60 ---
   GP Level 1 | Log-Likelihood: -16.68
   GP Level 2 | Log-Likelihood: 3.47 | rho = 0.706
-> Next point: x = [0.1277 0.1225 0.7817] | Fidelity = 1 | Merit = 0.03054

--- EGO Iteration 19/60 ---
   GP Level 1 | Log-Likelihood: -16.86
   GP Level 2 | Log-Likelihood: -0.07 | rho = 0.803
-> Next point: x = [0.1532 0.2768 0.7841] | Fidelity = 2 | Merit = 0.05503

--- EGO Iteration 20/60 ---
   GP Level 1 | Log-Likelihood: -16.86
   GP Level 2 | Log-Likelihood: 1.01 | rho = 0.763
-> Next point: x = [0.1529 0.3351 0.7826] | Fidelity = 1 | Merit = 0.03224

--- EGO Iteration 21/60 ---
   GP Level 1 | Log-Likelihood: -14.39
   GP Level 2 | Log-Likelihood: 7.28 | rho = 0.726
-> Next point: x = [0.5159 0.7212 0.5852] | Fidelity = 1 | Merit = 0.00597

--- EGO Iteration 22/60 ---
   GP Level 1 | Log-Likelihood: -14.87
   GP Level 2 | Log-Likelihood: 8.16 | rho = 0.739
-> Next point: x = [0.1785 0.4078 0.8168] | Fidelity = 1 | Merit = 0.03709

--- EGO Iteration 23/60 ---
   GP Level 1 | Log-Likelihood: -20.12
   GP Level 2 | Log-Likelihood: 4.62 | rho = 0.786
-> Next point: x = [0.0922 0.2728 0.8427] | Fidelity = 1 | Merit = 0.14490

--- EGO Iteration 24/60 ---
   GP Level 1 | Log-Likelihood: -43.41
   GP Level 2 | Log-Likelihood: -1.94 | rho = 0.475
-> Next point: x = [0.     0.     0.7651] | Fidelity = 1 | Merit = 0.37793

--- EGO Iteration 25/60 ---
   GP Level 1 | Log-Likelihood: -21.64
   GP Level 2 | Log-Likelihood: 0.24 | rho = 0.670
-> Next point: x = [0.0489 0.4378 0.7653] | Fidelity = 1 | Merit = 0.25751

--- EGO Iteration 26/60 ---
   GP Level 1 | Log-Likelihood: -60.49
   GP Level 2 | Log-Likelihood: -2.98 | rho = 0.350
-> Next point: x = [0. 1. 0.] | Fidelity = 1 | Merit = 0.15959

--- EGO Iteration 27/60 ---
   GP Level 1 | Log-Likelihood: -21.77
   GP Level 2 | Log-Likelihood: 5.03 | rho = 0.839
-> Next point: x = [0.4798 0.6978 0.6451] | Fidelity = 1 | Merit = 0.07699

--- EGO Iteration 28/60 ---
   GP Level 1 | Log-Likelihood: -26.19
   GP Level 2 | Log-Likelihood: 3.51 | rho = 1.090
-> Next point: x = [0.2573 0.3921 0.6338] | Fidelity = 1 | Merit = 0.17266

--- EGO Iteration 29/60 ---
   GP Level 1 | Log-Likelihood: -22.19
   GP Level 2 | Log-Likelihood: 5.58 | rho = 0.931
-> Next point: x = [0.1    0.3061 0.8347] | Fidelity = 2 | Merit = 0.11951

--- EGO Iteration 30/60 ---
   GP Level 1 | Log-Likelihood: -22.19
   GP Level 2 | Log-Likelihood: 9.54 | rho = 0.981
-> Next point: x = [0.4157 0.6825 0.58  ] | Fidelity = 1 | Merit = 0.10292

--- EGO Iteration 31/60 ---
   GP Level 1 | Log-Likelihood: -22.37
   GP Level 2 | Log-Likelihood: 8.75 | rho = 0.981
-> Next point: x = [0.2227 0.5455 0.7439] | Fidelity = 1 | Merit = 0.06304

--- EGO Iteration 32/60 ---
   GP Level 1 | Log-Likelihood: -21.86
   GP Level 2 | Log-Likelihood: 7.55 | rho = 1.042
-> Next point: x = [0.4707 0.2489 0.571 ] | Fidelity = 1 | Merit = 0.03723

--- EGO Iteration 33/60 ---
   GP Level 1 | Log-Likelihood: -21.86
   GP Level 2 | Log-Likelihood: 6.87 | rho = 1.021
-> Next point: x = [0.116  0.3307 0.818 ] | Fidelity = 1 | Merit = 0.04068

--- EGO Iteration 34/60 ---
   GP Level 1 | Log-Likelihood: -24.33
   GP Level 2 | Log-Likelihood: 7.41 | rho = 1.014
-> Next point: x = [0.4969 0.4398 0.5448] | Fidelity = 1 | Merit = 0.10019

--- EGO Iteration 35/60 ---
   GP Level 1 | Log-Likelihood: -62.01
   GP Level 2 | Log-Likelihood: -13.50 | rho = 0.244
-> Next point: x = [0.     0.0125 1.    ] | Fidelity = 2 | Merit = 0.46286

--- EGO Iteration 36/60 ---
   GP Level 1 | Log-Likelihood: -24.14
   GP Level 2 | Log-Likelihood: 3.70 | rho = 0.790
-> Next point: x = [0.111  0.     0.8217] | Fidelity = 1 | Merit = 0.13280

--- EGO Iteration 37/60 ---
   GP Level 1 | Log-Likelihood: -22.07
   GP Level 2 | Log-Likelihood: 3.65 | rho = 0.555
-> Next point: x = [0.3096 0.1574 1.    ] | Fidelity = 1 | Merit = 0.09501

--- EGO Iteration 38/60 ---
   GP Level 1 | Log-Likelihood: -24.80
   GP Level 2 | Log-Likelihood: 4.16 | rho = 0.661
-> Next point: x = [0.1295 0.1301 0.8701] | Fidelity = 1 | Merit = 0.28789

--- EGO Iteration 39/60 ---
   GP Level 1 | Log-Likelihood: -69.28
   GP Level 2 | Log-Likelihood: -9.17 | rho = 0.373
-> Next point: x = [0.1125 1.     0.3251] | Fidelity = 1 | Merit = 0.56384

--- EGO Iteration 40/60 ---
   GP Level 1 | Log-Likelihood: -23.98
   GP Level 2 | Log-Likelihood: 2.25 | rho = 0.564
-> Next point: x = [0.3969 0.0635 0.9094] | Fidelity = 1 | Merit = 0.12062

--- EGO Iteration 41/60 ---
   GP Level 1 | Log-Likelihood: -26.21
   GP Level 2 | Log-Likelihood: 5.30 | rho = 1.158
-> Next point: x = [0.5272 0.6156 0.5367] | Fidelity = 1 | Merit = 0.41300

--- EGO Iteration 42/60 ---
   GP Level 1 | Log-Likelihood: -66.52
   GP Level 2 | Log-Likelihood: -3.69 | rho = 0.365
-> Next point: x = [0.2895 0.     0.7081] | Fidelity = 1 | Merit = 0.47623

--- EGO Iteration 43/60 ---
   GP Level 1 | Log-Likelihood: -70.94
   GP Level 2 | Log-Likelihood: -3.96 | rho = 0.317
-> Next point: x = [1. 1. 0.] | Fidelity = 1 | Merit = 0.15029

--- EGO Iteration 44/60 ---
   GP Level 1 | Log-Likelihood: -26.27
   GP Level 2 | Log-Likelihood: 5.67 | rho = 1.058
-> Next point: x = [0.0339 0.049  0.8827] | Fidelity = 1 | Merit = 0.30162

--- EGO Iteration 45/60 ---
   GP Level 1 | Log-Likelihood: -25.95
   GP Level 2 | Log-Likelihood: 7.08 | rho = 1.052
-> Next point: x = [0.1096 0.     0.8148] | Fidelity = 2 | Merit = 0.31284

--- EGO Iteration 46/60 ---
   GP Level 1 | Log-Likelihood: -25.95
   GP Level 2 | Log-Likelihood: 6.19 | rho = 0.939
-> Next point: x = [0.0115 0.2197 0.8967] | Fidelity = 1 | Merit = 0.10912

--- EGO Iteration 47/60 ---
   GP Level 1 | Log-Likelihood: -74.53
   GP Level 2 | Log-Likelihood: -4.85 | rho = 0.105
-> Next point: x = [0.0405 0.2018 0.8054] | Fidelity = 2 | Merit = 0.07135

--- EGO Iteration 48/60 ---
   GP Level 1 | Log-Likelihood: -25.42
   GP Level 2 | Log-Likelihood: 5.10 | rho = 1.016
-> Next point: x = [0.     0.0964 0.8706] | Fidelity = 1 | Merit = 0.29053

--- EGO Iteration 49/60 ---
   GP Level 1 | Log-Likelihood: -83.26
   GP Level 2 | Log-Likelihood: -5.86 | rho = 0.178
-> Next point: x = [0.139  0.4072 0.822 ] | Fidelity = 2 | Merit = 0.08395

--- EGO Iteration 50/60 ---
   GP Level 1 | Log-Likelihood: -25.05
   GP Level 2 | Log-Likelihood: 10.80 | rho = 0.944
-> Next point: x = [0.1608 0.3484 0.7789] | Fidelity = 2 | Merit = 0.06416

--- EGO Iteration 51/60 ---
   GP Level 1 | Log-Likelihood: -78.42
   GP Level 2 | Log-Likelihood: -2.06 | rho = 0.231
-> Next point: x = [0.1177 0.2012 0.8643] | Fidelity = 2 | Merit = 0.09081

--- EGO Iteration 52/60 ---
   GP Level 1 | Log-Likelihood: -25.30
   GP Level 2 | Log-Likelihood: 16.53 | rho = 0.941
-> Next point: x = [0.0429 0.2887 0.9174] | Fidelity = 1 | Merit = 0.15209

--- EGO Iteration 53/60 ---
   GP Level 1 | Log-Likelihood: -81.09
   GP Level 2 | Log-Likelihood: -6.99 | rho = 0.028
-> Next point: x = [0.0365 0.984  0.8984] | Fidelity = 2 | Merit = 0.05858

--- EGO Iteration 54/60 ---
   GP Level 1 | Log-Likelihood: -86.10
   GP Level 2 | Log-Likelihood: -1.64 | rho = 0.389
-> Next point: x = [6.159e-01 1.000e-04 1.000e+00] | Fidelity = 1 | Merit = 0.52541

--- EGO Iteration 55/60 ---
   GP Level 1 | Log-Likelihood: -25.53
   GP Level 2 | Log-Likelihood: 17.83 | rho = 0.953
-> Next point: x = [0.0174 0.1574 0.9177] | Fidelity = 1 | Merit = 0.12922

--- EGO Iteration 56/60 ---
   GP Level 1 | Log-Likelihood: -75.90
   GP Level 2 | Log-Likelihood: -0.55 | rho = 0.435
-> Next point: x = [1.     1.     0.6257] | Fidelity = 1 | Merit = 0.13848

--- EGO Iteration 57/60 ---
   GP Level 1 | Log-Likelihood: -24.54
   GP Level 2 | Log-Likelihood: 14.86 | rho = 1.230
-> Next point: x = [0.3862 0.5037 0.6303] | Fidelity = 1 | Merit = 0.31509

--- EGO Iteration 58/60 ---
   GP Level 1 | Log-Likelihood: -91.94
   GP Level 2 | Log-Likelihood: -24.00 | rho = 0.370
-> Next point: x = [0.5962 0.2092 0.7604] | Fidelity = 2 | Merit = 1.10267

--- EGO Iteration 59/60 ---
   GP Level 1 | Log-Likelihood: -90.99
   GP Level 2 | Log-Likelihood: -19.34 | rho = 1.081
-> Next point: x = [0.6912 1.     0.5787] | Fidelity = 1 | Merit = 4.75293

--- EGO Iteration 60/60 ---
   GP Level 1 | Log-Likelihood: -89.57
   GP Level 2 | Log-Likelihood: -28.13 | rho = 0.126
-> Next point: x = [1.     1.     0.3359] | Fidelity = 2 | Merit = 0.94314
max value found in the final training data:
0.4751718898244069  with coordinates: [0.073413   0.50308236 0.22212491]

==========================================
   OPTIMIZATION COMPLETED
==========================================
Absolute best point found: -1.80091612
==================================================
 BEST AIRFOIL FOUND (Level 2/2)
==================================================
Closest standard NACA  : ** NACA3312 **
Exact values found     : Camber 3.20%, Thickness 11.63%
Aerodynamic performance: Cl = 1.0033 | Cd = 0.0157 | Alpha = 6.32°
==================================================

=> Best points and hyperparameters saved to TXT (for reading) and JSON (for reloading).

Generating final plots...

=> Plot saved as 'problem_data/ego_convergence_results.png'.

==========================================
   EXPERIMENT CONFIGURATION
==========================================
 - Iterations : 60
 - Levels (L) : 2
 - Costs      : [1.0, 1.0]
 - Initial DoE: [20, 10] points
==========================================

Generating the initial Non-Nested Latin Hypercube Design...
Evaluating initial Level 1 (20 points)...

==========================================
   EXPERIMENT CONFIGURATION
==========================================
 - Iterations : 60
 - Levels (L) : 2
 - Costs      : [1.0, 1.0]
 - Initial DoE: [20, 10] points
==========================================

Generating the initial Non-Nested Latin Hypercube Design...
Evaluating initial Level 1 (20 points)...
Evaluating initial Level 2 (10 points)...

Initial best High-Fidelity point: -1.8430

==========================================
   STARTING MULTI-FIDELITY EGO
==========================================

--- EGO Iteration 1/60 ---
   GP Level 1 | Log-Likelihood: 24.61
   GP Level 2 | Log-Likelihood: 20.77 | rho = 0.120
-> Next point: x = [0.4202 0.    ] | Fidelity = 2 | Merit = 0.00362

--- EGO Iteration 2/60 ---
   GP Level 1 | Log-Likelihood: 24.87
   GP Level 2 | Log-Likelihood: 28.40 | rho = 0.153
-> Next point: x = [0.4437 0.    ] | Fidelity = 1 | Merit = 0.00090

--- EGO Iteration 3/60 ---
   GP Level 1 | Log-Likelihood: 17.16
   GP Level 2 | Log-Likelihood: 28.19 | rho = 0.335
-> Next point: x = [1. 0.] | Fidelity = 1 | Merit = 0.00559

--- EGO Iteration 4/60 ---
   GP Level 1 | Log-Likelihood: 18.58
   GP Level 2 | Log-Likelihood: 21.81 | rho = 0.076
-> Next point: x = [0.4667 0.    ] | Fidelity = 2 | Merit = 0.00008

--- EGO Iteration 5/60 ---
   GP Level 1 | Log-Likelihood: 20.40
   GP Level 2 | Log-Likelihood: 27.84 | rho = 0.117
-> Next point: x = [0.432 0.   ] | Fidelity = 2 | Merit = 0.00003

--- EGO Iteration 6/60 ---
   GP Level 1 | Log-Likelihood: 25.38
   GP Level 2 | Log-Likelihood: 25.63 | rho = 0.090
-> Next point: x = [1. 0.] | Fidelity = 2 | Merit = 0.02761

--- EGO Iteration 7/60 ---
   GP Level 1 | Log-Likelihood: 17.71
   GP Level 2 | Log-Likelihood: 25.61 | rho = -0.167
-> Next point: x = [0.     0.9624] | Fidelity = 2 | Merit = 0.01084

--- EGO Iteration 8/60 ---
   GP Level 1 | Log-Likelihood: 15.91
   GP Level 2 | Log-Likelihood: 35.54 | rho = 0.199
-> Next point: x = [0.4662 0.0852] | Fidelity = 2 | Merit = 0.00402

--- EGO Iteration 9/60 ---
   GP Level 1 | Log-Likelihood: 22.17
   GP Level 2 | Log-Likelihood: 47.93 | rho = 0.186
-> Next point: x = [0.485 0.   ] | Fidelity = 2 | Merit = 0.00000

--- EGO Iteration 10/60 ---
   GP Level 1 | Log-Likelihood: 22.32
   GP Level 2 | Log-Likelihood: 51.56 | rho = 0.178
-> Next point: x = [0.4745 0.    ] | Fidelity = 2 | Merit = 0.00000

--- EGO Iteration 11/60 ---
   GP Level 1 | Log-Likelihood: 22.22
   GP Level 2 | Log-Likelihood: 52.54 | rho = 0.002
-> Next point: x = [0.29 0.  ] | Fidelity = 2 | Merit = 0.00322

--- EGO Iteration 12/60 ---
   GP Level 1 | Log-Likelihood: 19.84
   GP Level 2 | Log-Likelihood: 42.49 | rho = 0.418
-> Next point: x = [0.3881 0.    ] | Fidelity = 1 | Merit = 0.00002

--- EGO Iteration 13/60 ---
   GP Level 1 | Log-Likelihood: 23.40
   GP Level 2 | Log-Likelihood: 57.57 | rho = 0.139
-> Next point: x = [0.497 0.   ] | Fidelity = 2 | Merit = 0.00000

--- EGO Iteration 14/60 ---
   GP Level 1 | Log-Likelihood: 21.54
   GP Level 2 | Log-Likelihood: 46.36 | rho = -0.119
-> Next point: x = [0.4148 0.0688] | Fidelity = 1 | Merit = 0.00009

--- EGO Iteration 15/60 ---
   GP Level 1 | Log-Likelihood: 32.00
   GP Level 2 | Log-Likelihood: 47.13 | rho = 0.130
-> Next point: x = [0.8589 0.    ] | Fidelity = 2 | Merit = 0.00095

--- EGO Iteration 16/60 ---
   GP Level 1 | Log-Likelihood: 27.73
   GP Level 2 | Log-Likelihood: 51.06 | rho = 0.404
-> Next point: x = [0.3717 0.    ] | Fidelity = 1 | Merit = 0.00026

--- EGO Iteration 17/60 ---
   GP Level 1 | Log-Likelihood: 29.83
   GP Level 2 | Log-Likelihood: 51.67 | rho = 0.484
-> Next point: x = [0. 1.] | Fidelity = 1 | Merit = 0.00054

--- EGO Iteration 18/60 ---
   GP Level 1 | Log-Likelihood: 32.56
   GP Level 2 | Log-Likelihood: 63.25 | rho = 0.053
-> Next point: x = [0.5292 0.    ] | Fidelity = 2 | Merit = 0.00000

--- EGO Iteration 19/60 ---
   GP Level 1 | Log-Likelihood: 32.56
   GP Level 2 | Log-Likelihood: 52.67 | rho = 0.284
-> Next point: x = [1.    0.193] | Fidelity = 2 | Merit = 0.00000

--- EGO Iteration 20/60 ---
   GP Level 1 | Log-Likelihood: 32.63
   GP Level 2 | Log-Likelihood: 68.41 | rho = 0.092
-> Next point: x = [0.4918 0.    ] | Fidelity = 2 | Merit = 0.00000

--- EGO Iteration 21/60 ---
   GP Level 1 | Log-Likelihood: 33.24
   GP Level 2 | Log-Likelihood: 65.44 | rho = 0.047
-> Next point: x = [0.5 0. ] | Fidelity = 2 | Merit = 0.00000

--- EGO Iteration 22/60 ---
   GP Level 1 | Log-Likelihood: 38.52
   GP Level 2 | Log-Likelihood: 71.27 | rho = 0.181
-> Next point: x = [0.     0.5463] | Fidelity = 1 | Merit = 0.00001

--- EGO Iteration 23/60 ---
   GP Level 1 | Log-Likelihood: 28.23
   GP Level 2 | Log-Likelihood: 71.61 | rho = 0.051
-> Next point: x = [0.4138 0.    ] | Fidelity = 2 | Merit = 0.00000

--- EGO Iteration 24/60 ---
   GP Level 1 | Log-Likelihood: 33.33
   GP Level 2 | Log-Likelihood: 76.20 | rho = 0.050
-> Next point: x = [0.4877 0.    ] | Fidelity = 2 | Merit = 0.00000

--- EGO Iteration 25/60 ---
   GP Level 1 | Log-Likelihood: 34.00
   GP Level 2 | Log-Likelihood: 93.68 | rho = 0.113
-> Next point: x = [0.5019 0.    ] | Fidelity = 1 | Merit = 0.00000

--- EGO Iteration 26/60 ---
   GP Level 1 | Log-Likelihood: 36.34
   GP Level 2 | Log-Likelihood: 94.86 | rho = 0.429
-> Next point: x = [0.4012 0.002 ] | Fidelity = 2 | Merit = 0.00015

--- EGO Iteration 27/60 ---
   GP Level 1 | Log-Likelihood: 40.08
   GP Level 2 | Log-Likelihood: 96.08 | rho = 0.104
-> Next point: x = [0.5112 0.    ] | Fidelity = 2 | Merit = 0.00000

--- EGO Iteration 28/60 ---
   GP Level 1 | Log-Likelihood: 34.87
   GP Level 2 | Log-Likelihood: 87.62 | rho = 0.421
-> Next point: x = [0.     0.7498] | Fidelity = 2 | Merit = 0.00019

--- EGO Iteration 29/60 ---
   GP Level 1 | Log-Likelihood: 38.09
   GP Level 2 | Log-Likelihood: 104.89 | rho = 0.117
-> Next point: x = [0.519 0.   ] | Fidelity = 1 | Merit = 0.00000

--- EGO Iteration 30/60 ---
   GP Level 1 | Log-Likelihood: 44.62
   GP Level 2 | Log-Likelihood: 86.52 | rho = -0.014
-> Next point: x = [1. 1.] | Fidelity = 2 | Merit = 0.00455

--- EGO Iteration 31/60 ---
   GP Level 1 | Log-Likelihood: 44.50
   GP Level 2 | Log-Likelihood: 100.30 | rho = 0.261
-> Next point: x = [0.2245 1.    ] | Fidelity = 2 | Merit = 0.00153

--- EGO Iteration 32/60 ---
   GP Level 1 | Log-Likelihood: 43.08
   GP Level 2 | Log-Likelihood: 90.52 | rho = 0.617
-> Next point: x = [0.6129 0.4195] | Fidelity = 2 | Merit = 0.00094

--- EGO Iteration 33/60 ---
   GP Level 1 | Log-Likelihood: 37.15
   GP Level 2 | Log-Likelihood: 80.03 | rho = -1.249
-> Next point: x = [0.     0.5081] | Fidelity = 2 | Merit = 0.02617

--- EGO Iteration 34/60 ---
   GP Level 1 | Log-Likelihood: 42.10
   GP Level 2 | Log-Likelihood: 96.28 | rho = 0.536
-> Next point: x = [0.8277 0.1625] | Fidelity = 2 | Merit = 0.00274

--- EGO Iteration 35/60 ---
   GP Level 1 | Log-Likelihood: 46.14
   GP Level 2 | Log-Likelihood: 91.41 | rho = -0.393
-> Next point: x = [0.417  0.0043] | Fidelity = 2 | Merit = 0.00000

--- EGO Iteration 36/60 ---
   GP Level 1 | Log-Likelihood: 43.37
   GP Level 2 | Log-Likelihood: 107.25 | rho = -0.024
-> Next point: x = [3.973e-01 3.000e-04] | Fidelity = 1 | Merit = 0.00000

--- EGO Iteration 37/60 ---
   GP Level 1 | Log-Likelihood: 44.30
   GP Level 2 | Log-Likelihood: 101.22 | rho = -0.181
-> Next point: x = [0.9485 0.0745] | Fidelity = 2 | Merit = 0.00000

--- EGO Iteration 38/60 ---
   GP Level 1 | Log-Likelihood: 56.15
   GP Level 2 | Log-Likelihood: 130.87 | rho = 0.016
-> Next point: x = [0.5111 0.    ] | Fidelity = 2 | Merit = 0.00000

--- EGO Iteration 39/60 ---
   GP Level 1 | Log-Likelihood: 55.21
   GP Level 2 | Log-Likelihood: 124.53 | rho = -0.020
-> Next point: x = [0.3801 0.    ] | Fidelity = 2 | Merit = 0.00000

--- EGO Iteration 40/60 ---
   GP Level 1 | Log-Likelihood: 48.17
   GP Level 2 | Log-Likelihood: 124.74 | rho = -0.080
-> Next point: x = [0.3675 0.    ] | Fidelity = 2 | Merit = 0.00000

--- EGO Iteration 41/60 ---
   GP Level 1 | Log-Likelihood: 48.28
   GP Level 2 | Log-Likelihood: 138.80 | rho = -0.024
-> Next point: x = [0.523 0.   ] | Fidelity = 2 | Merit = 0.00000

--- EGO Iteration 42/60 ---
   GP Level 1 | Log-Likelihood: 40.78
   GP Level 2 | Log-Likelihood: 122.01 | rho = 0.068
-> Next point: x = [0.3278 0.7332] | Fidelity = 2 | Merit = 0.00000

--- EGO Iteration 43/60 ---
   GP Level 1 | Log-Likelihood: 48.56
   GP Level 2 | Log-Likelihood: 121.83 | rho = -0.346
-> Next point: x = [0.8697 1.    ] | Fidelity = 2 | Merit = 0.03231

--- EGO Iteration 44/60 ---
   GP Level 1 | Log-Likelihood: 49.28
   GP Level 2 | Log-Likelihood: 149.49 | rho = -0.151
-> Next point: x = [3.726e-01 1.000e-04] | Fidelity = 1 | Merit = 0.00000

--- EGO Iteration 45/60 ---
   GP Level 1 | Log-Likelihood: 58.59
   GP Level 2 | Log-Likelihood: 151.47 | rho = -0.013
-> Next point: x = [0.5127 0.    ] | Fidelity = 2 | Merit = 0.00000

--- EGO Iteration 46/60 ---
   GP Level 1 | Log-Likelihood: 52.01
   GP Level 2 | Log-Likelihood: 107.95 | rho = -1.027
-> Next point: x = [0.1416 0.8793] | Fidelity = 2 | Merit = 0.00012

--- EGO Iteration 47/60 ---
   GP Level 1 | Log-Likelihood: 64.62
   GP Level 2 | Log-Likelihood: 152.01 | rho = -0.002
-> Next point: x = [0. 0.] | Fidelity = 2 | Merit = 0.00000

--- EGO Iteration 48/60 ---
   GP Level 1 | Log-Likelihood: 56.20
   GP Level 2 | Log-Likelihood: 154.34 | rho = -0.034
-> Next point: x = [0.3866 0.    ] | Fidelity = 2 | Merit = 0.00000

--- EGO Iteration 49/60 ---
   GP Level 1 | Log-Likelihood: 57.52
   GP Level 2 | Log-Likelihood: 127.57 | rho = -0.828
-> Next point: x = [0.4821 0.5318] | Fidelity = 2 | Merit = 0.00539

--- EGO Iteration 50/60 ---
   GP Level 1 | Log-Likelihood: 54.33
   GP Level 2 | Log-Likelihood: 128.09 | rho = 0.664
-> Next point: x = [1.     0.1349] | Fidelity = 1 | Merit = 0.00003

--- EGO Iteration 51/60 ---
   GP Level 1 | Log-Likelihood: 57.15
   GP Level 2 | Log-Likelihood: 123.91 | rho = -0.732
-> Next point: x = [0.3985 0.0011] | Fidelity = 2 | Merit = 0.00000

--- EGO Iteration 52/60 ---
   GP Level 1 | Log-Likelihood: 57.05
   GP Level 2 | Log-Likelihood: 92.06 | rho = -2.933
-> Next point: x = [1.     0.4353] | Fidelity = 2 | Merit = 0.43068

--- EGO Iteration 53/60 ---
   GP Level 1 | Log-Likelihood: 66.80
   GP Level 2 | Log-Likelihood: 166.75 | rho = -0.017
-> Next point: x = [3.68e-01 3.00e-04] | Fidelity = 2 | Merit = 0.00037

--- EGO Iteration 54/60 ---
   GP Level 1 | Log-Likelihood: 57.06
   GP Level 2 | Log-Likelihood: 173.32 | rho = 0.033
-> Next point: x = [0.3818 0.0017] | Fidelity = 2 | Merit = 0.00415

--- EGO Iteration 55/60 ---
   GP Level 1 | Log-Likelihood: 54.40
   GP Level 2 | Log-Likelihood: 168.76 | rho = -0.035
-> Next point: x = [0.3335 0.    ] | Fidelity = 2 | Merit = 0.00000

--- EGO Iteration 56/60 ---
   GP Level 1 | Log-Likelihood: 57.24
   GP Level 2 | Log-Likelihood: 156.63 | rho = -0.724
-> Next point: x = [0.3549 0.0004] | Fidelity = 1 | Merit = 0.00007

--- EGO Iteration 57/60 ---
   GP Level 1 | Log-Likelihood: 69.87
   GP Level 2 | Log-Likelihood: 144.82 | rho = 0.136
-> Next point: x = [0.3031 0.0556] | Fidelity = 2 | Merit = 0.00000

--- EGO Iteration 58/60 ---
   GP Level 1 | Log-Likelihood: 68.84
   GP Level 2 | Log-Likelihood: 128.88 | rho = -1.324
-> Next point: x = [0.     0.1774] | Fidelity = 2 | Merit = 0.01134

--- EGO Iteration 59/60 ---
   GP Level 1 | Log-Likelihood: 61.90
   GP Level 2 | Log-Likelihood: 133.05 | rho = -1.670
-> Next point: x = [1. 1.] | Fidelity = 1 | Merit = 0.01212

--- EGO Iteration 60/60 ---
   GP Level 1 | Log-Likelihood: 64.45
   GP Level 2 | Log-Likelihood: 248.92 | rho = 0.199
-> Next point: x = [0.7109 0.2392] | Fidelity = 2 | Merit = 0.00000

==========================================
   OPTIMIZATION COMPLETED
==========================================
Absolute best point found: -1.85695577

==========================================
   EXPERIMENT CONFIGURATION
==========================================
 - Iterations : 60
 - Levels (L) : 2
 - Costs      : [1.0, 1.0]
 - Initial DoE: [20, 10] points
==========================================

Generating the initial Non-Nested Latin Hypercube Design...
Evaluating initial Level 1 (20 points)...
Evaluating initial Level 2 (10 points)...

Initial best High-Fidelity point: -1.8430

==========================================
   STARTING MULTI-FIDELITY EGO
==========================================

--- EGO Iteration 1/60 ---
   GP Level 1 | Log-Likelihood: 15.96
   GP Level 2 | Log-Likelihood: 18.05 | rho = 0.025
-> Next point: x = [0.4751 0.    ] | Fidelity = 2 | Merit = 0.00178

--- EGO Iteration 2/60 ---
   GP Level 1 | Log-Likelihood: 24.96
   GP Level 2 | Log-Likelihood: 25.12 | rho = 0.104
-> Next point: x = [0.4631 0.    ] | Fidelity = 1 | Merit = 0.00021

--- EGO Iteration 3/60 ---
   GP Level 1 | Log-Likelihood: 20.64
   GP Level 2 | Log-Likelihood: 29.30 | rho = 0.253
-> Next point: x = [0.4409 0.    ] | Fidelity = 2 | Merit = 0.00012

--- EGO Iteration 4/60 ---
   GP Level 1 | Log-Likelihood: 19.55
   GP Level 2 | Log-Likelihood: 34.34 | rho = 0.187
-> Next point: x = [0.4735 0.    ] | Fidelity = 2 | Merit = 0.00003

--- EGO Iteration 5/60 ---
   GP Level 1 | Log-Likelihood: 25.07
   GP Level 2 | Log-Likelihood: 37.97 | rho = 0.101
-> Next point: x = [0.3121 0.0233] | Fidelity = 1 | Merit = 0.00320

--- EGO Iteration 6/60 ---
   GP Level 1 | Log-Likelihood: 21.96
   GP Level 2 | Log-Likelihood: 22.11 | rho = 0.587
-> Next point: x = [1. 0.] | Fidelity = 1 | Merit = 0.01835

--- EGO Iteration 7/60 ---
   GP Level 1 | Log-Likelihood: 23.01
   GP Level 2 | Log-Likelihood: 38.13 | rho = 0.269
-> Next point: x = [1. 0.] | Fidelity = 2 | Merit = 0.00131

--- EGO Iteration 8/60 ---
   GP Level 1 | Log-Likelihood: 25.01
   GP Level 2 | Log-Likelihood: 33.16 | rho = 0.120
-> Next point: x = [0.362 0.   ] | Fidelity = 2 | Merit = 0.00002

--- EGO Iteration 9/60 ---
   GP Level 1 | Log-Likelihood: 25.71
   GP Level 2 | Log-Likelihood: 34.98 | rho = 0.040
-> Next point: x = [0. 1.] | Fidelity = 2 | Merit = 0.00123

--- EGO Iteration 10/60 ---
   GP Level 1 | Log-Likelihood: 24.82
   GP Level 2 | Log-Likelihood: 42.10 | rho = 0.144
-> Next point: x = [0.4865 0.    ] | Fidelity = 2 | Merit = 0.00000

--- EGO Iteration 11/60 ---
   GP Level 1 | Log-Likelihood: 20.95
   GP Level 2 | Log-Likelihood: 45.49 | rho = 0.131
-> Next point: x = [0.3787 0.    ] | Fidelity = 2 | Merit = 0.00000

--- EGO Iteration 12/60 ---
   GP Level 1 | Log-Likelihood: 25.72
   GP Level 2 | Log-Likelihood: 50.39 | rho = 0.121
-> Next point: x = [0.3128 0.    ] | Fidelity = 2 | Merit = 0.00000

--- EGO Iteration 13/60 ---
   GP Level 1 | Log-Likelihood: 21.45
   GP Level 2 | Log-Likelihood: 54.30 | rho = 0.138
-> Next point: x = [0.4249 0.    ] | Fidelity = 2 | Merit = 0.00000

--- EGO Iteration 14/60 ---
   GP Level 1 | Log-Likelihood: 25.74
   GP Level 2 | Log-Likelihood: 41.74 | rho = 0.237
-> Next point: x = [0.9919 0.2179] | Fidelity = 2 | Merit = 0.03816

--- EGO Iteration 15/60 ---
   GP Level 1 | Log-Likelihood: 20.80
   GP Level 2 | Log-Likelihood: 62.08 | rho = 0.175
-> Next point: x = [0.4447 0.    ] | Fidelity = 1 | Merit = 0.00000

--- EGO Iteration 16/60 ---
   GP Level 1 | Log-Likelihood: 28.71
   GP Level 2 | Log-Likelihood: 69.12 | rho = 0.203
-> Next point: x = [0.457 0.   ] | Fidelity = 2 | Merit = 0.00000

--- EGO Iteration 17/60 ---
   GP Level 1 | Log-Likelihood: 26.18
   GP Level 2 | Log-Likelihood: 69.66 | rho = 0.134
-> Next point: x = [0.4167 0.    ] | Fidelity = 2 | Merit = 0.00000

--- EGO Iteration 18/60 ---
   GP Level 1 | Log-Likelihood: 33.37
   GP Level 2 | Log-Likelihood: 77.99 | rho = 0.142
-> Next point: x = [0.4227 0.    ] | Fidelity = 2 | Merit = 0.00000

--- EGO Iteration 19/60 ---
   GP Level 1 | Log-Likelihood: 26.40
   GP Level 2 | Log-Likelihood: 69.84 | rho = 0.141
-> Next point: x = [0.5044 0.    ] | Fidelity = 2 | Merit = 0.00000

--- EGO Iteration 20/60 ---
   GP Level 1 | Log-Likelihood: 31.78
   GP Level 2 | Log-Likelihood: 83.83 | rho = 0.099
-> Next point: x = [0.3159 0.    ] | Fidelity = 2 | Merit = 0.00000

--- EGO Iteration 21/60 ---
   GP Level 1 | Log-Likelihood: 33.37
   GP Level 2 | Log-Likelihood: 82.74 | rho = 0.135
-> Next point: x = [0. 0.] | Fidelity = 2 | Merit = 0.00000

--- EGO Iteration 22/60 ---
   GP Level 1 | Log-Likelihood: 26.91
   GP Level 2 | Log-Likelihood: 89.58 | rho = 0.140
-> Next point: x = [0.4042 0.    ] | Fidelity = 1 | Merit = 0.00000

--- EGO Iteration 23/60 ---
   GP Level 1 | Log-Likelihood: 31.47
   GP Level 2 | Log-Likelihood: 97.69 | rho = 0.291
-> Next point: x = [0.4506 0.092 ] | Fidelity = 2 | Merit = 0.00166

--- EGO Iteration 24/60 ---
   GP Level 1 | Log-Likelihood: 32.93
   GP Level 2 | Log-Likelihood: 74.05 | rho = 0.651
-> Next point: x = [0. 1.] | Fidelity = 1 | Merit = 0.00029

--- EGO Iteration 25/60 ---
   GP Level 1 | Log-Likelihood: 34.04
   GP Level 2 | Log-Likelihood: 93.80 | rho = 0.235
-> Next point: x = [0.9047 0.    ] | Fidelity = 2 | Merit = 0.00011

--- EGO Iteration 26/60 ---
   GP Level 1 | Log-Likelihood: 32.41
   GP Level 2 | Log-Likelihood: 100.66 | rho = 0.113
-> Next point: x = [0.336 0.   ] | Fidelity = 2 | Merit = 0.00000

--- EGO Iteration 27/60 ---
   GP Level 1 | Log-Likelihood: 31.86
   GP Level 2 | Log-Likelihood: 91.18 | rho = 0.192
-> Next point: x = [0.3227 0.    ] | Fidelity = 2 | Merit = 0.00000

--- EGO Iteration 28/60 ---
   GP Level 1 | Log-Likelihood: 35.22
   GP Level 2 | Log-Likelihood: 110.40 | rho = 0.110
-> Next point: x = [0.3554 0.    ] | Fidelity = 2 | Merit = 0.00000

--- EGO Iteration 29/60 ---
   GP Level 1 | Log-Likelihood: 30.00
   GP Level 2 | Log-Likelihood: 113.93 | rho = 0.111
-> Next point: x = [0.3529 0.    ] | Fidelity = 1 | Merit = 0.00000

--- EGO Iteration 30/60 ---
   GP Level 1 | Log-Likelihood: 36.84
   GP Level 2 | Log-Likelihood: 107.14 | rho = 0.151
-> Next point: x = [0.4449 0.    ] | Fidelity = 2 | Merit = 0.00000

--- EGO Iteration 31/60 ---
   GP Level 1 | Log-Likelihood: 38.68
   GP Level 2 | Log-Likelihood: 112.68 | rho = 0.093
-> Next point: x = [0.3437 0.    ] | Fidelity = 2 | Merit = 0.00000

--- EGO Iteration 32/60 ---
   GP Level 1 | Log-Likelihood: 34.08
   GP Level 2 | Log-Likelihood: 117.42 | rho = 0.030
-> Next point: x = [0.3339 0.    ] | Fidelity = 2 | Merit = 0.00000

--- EGO Iteration 33/60 ---
   GP Level 1 | Log-Likelihood: 38.73
   GP Level 2 | Log-Likelihood: 128.16 | rho = 0.078
-> Next point: x = [0.3354 0.    ] | Fidelity = 2 | Merit = 0.00000

--- EGO Iteration 34/60 ---
   GP Level 1 | Log-Likelihood: 38.03
   GP Level 2 | Log-Likelihood: 139.87 | rho = 0.144
-> Next point: x = [0.3265 0.    ] | Fidelity = 2 | Merit = 0.00000

--- EGO Iteration 35/60 ---
   GP Level 1 | Log-Likelihood: 38.06
   GP Level 2 | Log-Likelihood: 134.01 | rho = -0.055
-> Next point: x = [0.3347 0.    ] | Fidelity = 2 | Merit = 0.00000

--- EGO Iteration 36/60 ---
   GP Level 1 | Log-Likelihood: 35.23
   GP Level 2 | Log-Likelihood: 145.05 | rho = 0.167
-> Next point: x = [0.3766 0.    ] | Fidelity = 2 | Merit = 0.00000

--- EGO Iteration 37/60 ---
   GP Level 1 | Log-Likelihood: 37.83
   GP Level 2 | Log-Likelihood: 137.90 | rho = 0.325
-> Next point: x = [0.2775 0.    ] | Fidelity = 1 | Merit = 0.00000

--- EGO Iteration 38/60 ---
   GP Level 1 | Log-Likelihood: 40.29
   GP Level 2 | Log-Likelihood: 150.88 | rho = 0.123
-> Next point: x = [0.3686 0.    ] | Fidelity = 1 | Merit = 0.00000

--- EGO Iteration 39/60 ---
   GP Level 1 | Log-Likelihood: 44.21
   GP Level 2 | Log-Likelihood: 194.44 | rho = 0.359
-> Next point: x = [0.785  0.0393] | Fidelity = 2 | Merit = 0.00211

--- EGO Iteration 40/60 ---
   GP Level 1 | Log-Likelihood: 45.26
   GP Level 2 | Log-Likelihood: 149.57 | rho = 0.029
-> Next point: x = [0.3442 0.    ] | Fidelity = 2 | Merit = 0.00000

--- EGO Iteration 41/60 ---
   GP Level 1 | Log-Likelihood: 43.67
   GP Level 2 | Log-Likelihood: 159.09 | rho = 0.090
-> Next point: x = [0.348 0.   ] | Fidelity = 2 | Merit = 0.00000

--- EGO Iteration 42/60 ---
   GP Level 1 | Log-Likelihood: 48.98
   GP Level 2 | Log-Likelihood: 141.96 | rho = 0.135
-> Next point: x = [0.4425 0.    ] | Fidelity = 2 | Merit = 0.00000

--- EGO Iteration 43/60 ---
   GP Level 1 | Log-Likelihood: 49.05
   GP Level 2 | Log-Likelihood: 165.31 | rho = 0.468
-> Next point: x = [0. 0.] | Fidelity = 1 | Merit = 0.00000

--- EGO Iteration 44/60 ---
   GP Level 1 | Log-Likelihood: 45.23
   GP Level 2 | Log-Likelihood: 155.35 | rho = 0.152
-> Next point: x = [0.4118 0.    ] | Fidelity = 2 | Merit = 0.00000

--- EGO Iteration 45/60 ---
   GP Level 1 | Log-Likelihood: 46.07
   GP Level 2 | Log-Likelihood: 169.49 | rho = 0.144
-> Next point: x = [0.3643 0.    ] | Fidelity = 1 | Merit = 0.00000

--- EGO Iteration 46/60 ---
   GP Level 1 | Log-Likelihood: 54.61
   GP Level 2 | Log-Likelihood: 170.58 | rho = 0.151
-> Next point: x = [0.379 0.   ] | Fidelity = 2 | Merit = 0.00000

--- EGO Iteration 47/60 ---
   GP Level 1 | Log-Likelihood: 52.21
   GP Level 2 | Log-Likelihood: 204.59 | rho = 0.185
-> Next point: x = [0.1795 1.    ] | Fidelity = 2 | Merit = 0.05787

--- EGO Iteration 48/60 ---
   GP Level 1 | Log-Likelihood: 52.68
   GP Level 2 | Log-Likelihood: 180.55 | rho = 0.045
-> Next point: x = [3.519e-01 1.000e-04] | Fidelity = 2 | Merit = 0.00000

--- EGO Iteration 49/60 ---
   GP Level 1 | Log-Likelihood: 51.61
   GP Level 2 | Log-Likelihood: 187.37 | rho = 0.038
-> Next point: x = [0.3432 0.    ] | Fidelity = 2 | Merit = 0.00000

--- EGO Iteration 50/60 ---
   GP Level 1 | Log-Likelihood: 54.03
   GP Level 2 | Log-Likelihood: 210.86 | rho = -0.131
-> Next point: x = [0.0661 0.8386] | Fidelity = 2 | Merit = 0.01106

--- EGO Iteration 51/60 ---
   GP Level 1 | Log-Likelihood: 56.36
   GP Level 2 | Log-Likelihood: 200.99 | rho = 0.101
-> Next point: x = [3.569e-01 1.000e-04] | Fidelity = 2 | Merit = 0.00000

--- EGO Iteration 52/60 ---
   GP Level 1 | Log-Likelihood: 52.60
   GP Level 2 | Log-Likelihood: 195.59 | rho = 0.142
-> Next point: x = [0.3637 0.    ] | Fidelity = 2 | Merit = 0.00000

--- EGO Iteration 53/60 ---
   GP Level 1 | Log-Likelihood: 49.16
   GP Level 2 | Log-Likelihood: 206.93 | rho = 0.034
-> Next point: x = [0.3414 0.    ] | Fidelity = 2 | Merit = 0.00000

--- EGO Iteration 54/60 ---
   GP Level 1 | Log-Likelihood: 52.67
   GP Level 2 | Log-Likelihood: 211.26 | rho = 0.082
-> Next point: x = [3.497e-01 1.000e-04] | Fidelity = 2 | Merit = 0.00000

--- EGO Iteration 55/60 ---
   GP Level 1 | Log-Likelihood: 49.97
   GP Level 2 | Log-Likelihood: 216.34 | rho = -0.017
-> Next point: x = [0.3365 0.    ] | Fidelity = 2 | Merit = 0.00000

--- EGO Iteration 56/60 ---
   GP Level 1 | Log-Likelihood: 54.55
   GP Level 2 | Log-Likelihood: 215.60 | rho = 0.023
-> Next point: x = [0.3649 0.0004] | Fidelity = 2 | Merit = 0.00000

--- EGO Iteration 57/60 ---
   GP Level 1 | Log-Likelihood: 52.67
   GP Level 2 | Log-Likelihood: 212.69 | rho = 0.080
-> Next point: x = [0.3391 0.0362] | Fidelity = 2 | Merit = 0.00000

--- EGO Iteration 58/60 ---
   GP Level 1 | Log-Likelihood: 56.13
   GP Level 2 | Log-Likelihood: 279.72 | rho = 0.032
-> Next point: x = [0.6447 0.2455] | Fidelity = 2 | Merit = 0.00147

--- EGO Iteration 59/60 ---
   GP Level 1 | Log-Likelihood: 56.17
   GP Level 2 | Log-Likelihood: 244.60 | rho = 0.120
-> Next point: x = [0.3709 0.    ] | Fidelity = 2 | Merit = 0.00000

--- EGO Iteration 60/60 ---
   GP Level 1 | Log-Likelihood: 51.24
   GP Level 2 | Log-Likelihood: 239.80 | rho = 0.101
-> Next point: x = [3.672e-01 2.000e-04] | Fidelity = 2 | Merit = 0.00000

==========================================
   OPTIMIZATION COMPLETED
==========================================
Absolute best point found: -1.85704389
==================================================
 BEST AIRFOIL FOUND (Level 2/2)
==================================================
Closest standard NACA  : ** NACA4308 **
Exact values found     : Camber 4.50%, Thickness 8.00%
Aerodynamic performance: Cl = 1.0000 | Cd = 0.0139 | Alpha = 5.01°
==================================================

=> Best points and hyperparameters saved to TXT (for reading) and JSON (for reloading).

Generating final plots...

=> Plot saved as 'problem_data/ego_convergence_results.png'.
