 INFO - Generating initial design...
 INFO - Level 1 design points: [[0.22461679 0.49270411]
 [0.6633284  0.69346457]
 [0.90214283 0.12921579]
 [0.04136795 0.9560513 ]
 [0.76333702 0.59149477]
 [0.3407809  0.18468306]]
 INFO - Level 2 design points: [[0.93871725 0.87094346]
 [0.29711464 0.01540803]]
 INFO - Initial best HF observation: 0.0143
 INFO - --- EGO Iteration 1/40 ---
 INFO - GP level 1 trained (n=6). Noise: 3.544e-12 | rho: -
 INFO - GP level 2 trained (n=2). Noise: 1.060e-14 | rho: 1.0000
 INFO - 
Next selected point to evaluate: [1. 0.] | Level: 1 | Merit: 0.000280
 INFO -     -> Evaluated value: 0.014262 at level 1
 INFO - --- EGO Iteration 2/40 ---
 INFO - GP level 1 trained (n=7). Noise: 3.818e-12 | rho: -
 INFO - GP level 2 trained (n=2). Noise: 2.336e-15 | rho: 1.0000
 INFO - 
Next selected point to evaluate: [0.9899 0.0425] | Level: 2 | Merit: 0.000037
 INFO -     -> Evaluated value: 0.015355 at level 2
 INFO - --- EGO Iteration 3/40 ---
 INFO - GP level 1 trained (n=7). Noise: 3.818e-12 | rho: -
 INFO - GP level 2 trained (n=3). Noise: 7.629e-13 | rho: 1.0000
 INFO - 
Next selected point to evaluate: [1.     0.0767] | Level: 2 | Merit: 0.000431
 INFO -     -> Evaluated value: 0.015484 at level 2
 INFO - --- EGO Iteration 4/40 ---
 INFO - GP level 1 trained (n=7). Noise: 3.818e-12 | rho: -
 INFO - GP level 2 trained (n=4). Noise: 9.194e-15 | rho: 1.0000
 INFO - 
Next selected point to evaluate: [0.4366 0.1349] | Level: 2 | Merit: 0.000306
 INFO -     -> Evaluated value: 0.014411 at level 2
 INFO - --- EGO Iteration 5/40 ---
 INFO - GP level 1 trained (n=7). Noise: 3.819e-14 | rho: -
 INFO - GP level 2 trained (n=5). Noise: 7.620e-15 | rho: 1.0000
 INFO - 
Next selected point to evaluate: [0.0911 0.1882] | Level: 2 | Merit: 0.000268
 INFO -     -> Evaluated value: 0.015886 at level 2
 INFO - --- EGO Iteration 6/40 ---
 INFO - GP level 1 trained (n=7). Noise: 3.819e-14 | rho: -
 INFO - GP level 2 trained (n=6). Noise: 7.595e-15 | rho: 1.0000
 INFO - 
Next selected point to evaluate: [0.3302 0.1479] | Level: 2 | Merit: 0.000358
 INFO -     -> Evaluated value: 0.014313 at level 2
 INFO - --- EGO Iteration 7/40 ---
 INFO - GP level 1 trained (n=7). Noise: 3.819e-14 | rho: -
 INFO - GP level 2 trained (n=7). Noise: 7.035e-15 | rho: 1.0000
 INFO - 
Next selected point to evaluate: [0.7102 0.0791] | Level: 2 | Merit: 0.000183
 INFO -     -> Evaluated value: 0.014552 at level 2
 INFO - --- EGO Iteration 8/40 ---
 INFO - GP level 1 trained (n=7). Noise: 3.819e-14 | rho: -
 INFO - GP level 2 trained (n=8). Noise: 6.159e-15 | rho: 1.0000
 INFO - 
Next selected point to evaluate: [0.3217 0.0164] | Level: 1 | Merit: 0.000175
 INFO -     -> Evaluated value: 0.014147 at level 1
 INFO - --- EGO Iteration 9/40 ---
 INFO - GP level 1 trained (n=8). Noise: 3.910e-14 | rho: -
 INFO - GP level 2 trained (n=8). Noise: 3.083e-15 | rho: 1.0000
 INFO - 
Next selected point to evaluate: [0.3473 0.0593] | Level: 1 | Merit: 0.000186
 INFO -     -> Evaluated value: 0.014191 at level 1
 INFO - --- EGO Iteration 10/40 ---
 INFO - GP level 1 trained (n=9). Noise: 3.851e-14 | rho: -
 INFO - GP level 2 trained (n=8). Noise: 3.565e-10 | rho: 1.0000
 INFO - 
Next selected point to evaluate: [0.3796 0.0208] | Level: 2 | Merit: 0.000074
 INFO -     -> Evaluated value: 0.013974 at level 2
 INFO - --- EGO Iteration 11/40 ---
 INFO - GP level 1 trained (n=9). Noise: 3.851e-14 | rho: -
 INFO - GP level 2 trained (n=9). Noise: 1.599e-09 | rho: 1.0000
 INFO - 
Next selected point to evaluate: [0.57 0.  ] | Level: 2 | Merit: 0.000020
 INFO -     -> Evaluated value: 0.014172 at level 2
 INFO - --- EGO Iteration 12/40 ---
 INFO - GP level 1 trained (n=9). Noise: 3.851e-14 | rho: -
 INFO - GP level 2 trained (n=10). Noise: 2.555e-09 | rho: 1.0000
 INFO - 
Next selected point to evaluate: [0.4544 0.    ] | Level: 2 | Merit: 0.000013
 INFO -     -> Evaluated value: 0.014012 at level 2
 INFO - --- EGO Iteration 13/40 ---
 INFO - GP level 1 trained (n=9). Noise: 3.851e-14 | rho: -
 INFO - GP level 2 trained (n=11). Noise: 3.205e-15 | rho: 1.0000
 INFO - 
Next selected point to evaluate: [0.4151 0.    ] | Level: 1 | Merit: 0.000032
 INFO -     -> Evaluated value: 0.013806 at level 1
 INFO - --- EGO Iteration 14/40 ---
 INFO - GP level 1 trained (n=10). Noise: 3.870e-14 | rho: -
 INFO - GP level 2 trained (n=11). Noise: 2.476e-15 | rho: 1.0000
 INFO - 
Next selected point to evaluate: [0.3969 0.    ] | Level: 2 | Merit: 0.000010
 INFO -     -> Evaluated value: 0.013932 at level 2
 INFO - --- EGO Iteration 15/40 ---
 INFO - GP level 1 trained (n=10). Noise: 3.870e-14 | rho: -
 INFO - GP level 2 trained (n=12). Noise: 2.337e-15 | rho: 1.0000
 INFO - 
Next selected point to evaluate: [0.     0.3464] | Level: 1 | Merit: 0.000000
 INFO -     -> Evaluated value: 0.016170 at level 1
 INFO - --- EGO Iteration 16/40 ---
 INFO - GP level 1 trained (n=11). Noise: 3.535e-14 | rho: -
 INFO - GP level 2 trained (n=12). Noise: 4.633e-15 | rho: 1.0000
 INFO - 
Next selected point to evaluate: [1.000e-04 5.998e-01] | Level: 2 | Merit: 0.000000
 INFO -     -> Evaluated value: 0.016939 at level 2
 INFO - --- EGO Iteration 17/40 ---
 INFO - GP level 1 trained (n=11). Noise: 3.535e-14 | rho: -
 INFO - GP level 2 trained (n=13). Noise: 5.405e-15 | rho: 1.0000
 INFO - 
Next selected point to evaluate: [0.7372 0.    ] | Level: 2 | Merit: 0.000002
 INFO -     -> Evaluated value: 0.014352 at level 2
 INFO - --- EGO Iteration 18/40 ---
 INFO - GP level 1 trained (n=11). Noise: 3.535e-14 | rho: -
 INFO - GP level 2 trained (n=14). Noise: 5.222e-15 | rho: 1.0000
 INFO - 
Next selected point to evaluate: [0.2076 0.5301] | Level: 2 | Merit: 0.000000
 INFO -     -> Evaluated value: 0.015560 at level 2
 INFO - --- EGO Iteration 19/40 ---
 INFO - GP level 1 trained (n=11). Noise: 3.535e-14 | rho: -
 INFO - GP level 2 trained (n=15). Noise: 5.325e-15 | rho: 1.0000
 INFO - 
Next selected point to evaluate: [0.8611 0.137 ] | Level: 2 | Merit: 0.000000
 INFO -     -> Evaluated value: 0.015094 at level 2
 INFO - --- EGO Iteration 20/40 ---
 INFO - GP level 1 trained (n=11). Noise: 3.535e-14 | rho: -
 INFO - GP level 2 trained (n=16). Noise: 5.229e-15 | rho: 1.0000
 INFO - 
Next selected point to evaluate: [0.342  0.6074] | Level: 2 | Merit: 0.000000
 INFO -     -> Evaluated value: 0.015856 at level 2
 INFO - --- EGO Iteration 21/40 ---
 INFO - GP level 1 trained (n=11). Noise: 3.535e-14 | rho: -
 INFO - GP level 2 trained (n=17). Noise: 5.737e-15 | rho: 1.0000
 INFO - 
Next selected point to evaluate: [1. 1.] | Level: 1 | Merit: 0.000000
 INFO -     -> Evaluated value: 0.021626 at level 1
 INFO - --- EGO Iteration 22/40 ---
 INFO - GP level 1 trained (n=12). Noise: 5.874e-14 | rho: -
 INFO - GP level 2 trained (n=17). Noise: 1.756e-11 | rho: 1.0000
 INFO - 
Next selected point to evaluate: [0.6612 0.    ] | Level: 1 | Merit: 0.000000
 INFO -     -> Evaluated value: 0.013623 at level 1
 INFO - --- EGO Iteration 23/40 ---
 INFO - GP level 1 trained (n=13). Noise: 5.910e-14 | rho: -
 INFO - GP level 2 trained (n=17). Noise: 2.890e-11 | rho: 1.0000
 INFO - 
Next selected point to evaluate: [0.6126 0.4862] | Level: 2 | Merit: 0.000000
 INFO -     -> Evaluated value: 0.015800 at level 2
 INFO - --- EGO Iteration 24/40 ---
 INFO - GP level 1 trained (n=13). Noise: 5.910e-14 | rho: -
 INFO - GP level 2 trained (n=18). Noise: 5.218e-09 | rho: 1.0000
 INFO - 
Next selected point to evaluate: [0.4381 0.    ] | Level: 2 | Merit: 0.000001
 INFO -     -> Evaluated value: 0.013989 at level 2
 INFO - --- EGO Iteration 25/40 ---
 INFO - GP level 1 trained (n=13). Noise: 5.910e-14 | rho: -
 INFO - GP level 2 trained (n=19). Noise: 1.979e-09 | rho: 1.0000
 INFO - 
Next selected point to evaluate: [0.3976 0.    ] | Level: 2 | Merit: 0.000000
 INFO -     -> Evaluated value: 0.013933 at level 2
 INFO - --- EGO Iteration 26/40 ---
 INFO - GP level 1 trained (n=13). Noise: 5.910e-14 | rho: -
 INFO - GP level 2 trained (n=20). Noise: 2.631e-14 | rho: 1.0000
 INFO - 
Next selected point to evaluate: [0.5776 0.1653] | Level: 2 | Merit: 0.000000
 INFO -     -> Evaluated value: 0.014698 at level 2
 INFO - --- EGO Iteration 27/40 ---
 INFO - GP level 1 trained (n=13). Noise: 5.910e-14 | rho: -
 INFO - GP level 2 trained (n=21). Noise: 2.505e-14 | rho: 1.0000
 INFO - 
Next selected point to evaluate: [0.7679 0.4254] | Level: 2 | Merit: 0.000000
 INFO -     -> Evaluated value: 0.015806 at level 2
 INFO - --- EGO Iteration 28/40 ---
 INFO - GP level 1 trained (n=13). Noise: 5.910e-14 | rho: -
 INFO - GP level 2 trained (n=22). Noise: 2.530e-14 | rho: 1.0000
 INFO - 
Next selected point to evaluate: [0.3762 0.    ] | Level: 2 | Merit: 0.000006
 INFO -     -> Evaluated value: 0.013908 at level 2
 INFO - --- EGO Iteration 29/40 ---
 INFO - GP level 1 trained (n=13). Noise: 5.910e-14 | rho: -
 INFO - GP level 2 trained (n=23). Noise: 4.321e-15 | rho: 1.0000
 INFO - 
Next selected point to evaluate: [0.656 0.   ] | Level: 2 | Merit: 0.000001
 INFO -     -> Evaluated value: 0.014230 at level 2
 INFO - --- EGO Iteration 30/40 ---
 INFO - GP level 1 trained (n=13). Noise: 5.910e-14 | rho: -
 INFO - GP level 2 trained (n=24). Noise: 4.247e-15 | rho: 1.0000
 INFO - 
Next selected point to evaluate: [0.3673 0.    ] | Level: 1 | Merit: 0.000003
 INFO -     -> Evaluated value: 0.013938 at level 1
 INFO - --- EGO Iteration 31/40 ---
 INFO - GP level 1 trained (n=14). Noise: 8.910e-13 | rho: -
 INFO - GP level 2 trained (n=24). Noise: 4.263e-15 | rho: 1.0000
 INFO - 
Next selected point to evaluate: [0.8338 0.    ] | Level: 2 | Merit: 0.000000
 INFO -     -> Evaluated value: 0.014598 at level 2
 INFO - --- EGO Iteration 32/40 ---
 INFO - GP level 1 trained (n=14). Noise: 8.910e-13 | rho: -
 INFO - GP level 2 trained (n=25). Noise: 1.312e-10 | rho: 1.0000
 INFO - 
Next selected point to evaluate: [0.3795 0.    ] | Level: 2 | Merit: 0.000000
 INFO -     -> Evaluated value: 0.013911 at level 2
 INFO - --- EGO Iteration 33/40 ---
 INFO - GP level 1 trained (n=14). Noise: 8.910e-13 | rho: -
 INFO - GP level 2 trained (n=26). Noise: 1.150e-10 | rho: 1.0000
 INFO - 
Next selected point to evaluate: [0.3455 0.3589] | Level: 2 | Merit: 0.000000
 INFO -     -> Evaluated value: 0.015004 at level 2
 INFO - --- EGO Iteration 34/40 ---
 INFO - GP level 1 trained (n=14). Noise: 8.910e-13 | rho: -
 INFO - GP level 2 trained (n=27). Noise: 1.360e-10 | rho: 1.0000
 INFO - 
Next selected point to evaluate: [0.3799 0.    ] | Level: 2 | Merit: 0.000000
 INFO -     -> Evaluated value: 0.013912 at level 2
 INFO - --- EGO Iteration 35/40 ---
 INFO - GP level 1 trained (n=14). Noise: 8.910e-13 | rho: -
 INFO - GP level 2 trained (n=28). Noise: 5.114e-14 | rho: 1.0000
 INFO - 
Next selected point to evaluate: [0.4902 0.4101] | Level: 2 | Merit: 0.000000
 INFO -     -> Evaluated value: 0.015380 at level 2
 INFO - --- EGO Iteration 36/40 ---
 INFO - GP level 1 trained (n=14). Noise: 8.910e-13 | rho: -
 INFO - GP level 2 trained (n=29). Noise: 5.257e-14 | rho: 1.0000
 INFO - 
Next selected point to evaluate: [0. 0.] | Level: 2 | Merit: 0.000000
 INFO -     -> Evaluated value: 0.016442 at level 2
 INFO - --- EGO Iteration 37/40 ---
 INFO - GP level 1 trained (n=14). Noise: 8.910e-13 | rho: -
 INFO - GP level 2 trained (n=30). Noise: 5.446e-14 | rho: 1.0000
 INFO - 
Next selected point to evaluate: [0.2438 0.3063] | Level: 2 | Merit: 0.000000
 INFO -     -> Evaluated value: 0.014918 at level 2
 INFO - --- EGO Iteration 38/40 ---
 INFO - GP level 1 trained (n=14). Noise: 8.910e-13 | rho: -
 INFO - GP level 2 trained (n=31). Noise: 5.808e-14 | rho: 1.0000
 INFO - 
Next selected point to evaluate: [0.9408 0.4184] | Level: 2 | Merit: 0.000000
 INFO -     -> Evaluated value: 0.016238 at level 2
 INFO - --- EGO Iteration 39/40 ---
 INFO - GP level 1 trained (n=14). Noise: 8.910e-13 | rho: -
 INFO - GP level 2 trained (n=32). Noise: 5.750e-14 | rho: 1.0000
 INFO - 
Next selected point to evaluate: [0.1189 0.4417] | Level: 2 | Merit: 0.000000
 INFO -     -> Evaluated value: 0.016048 at level 2
 INFO - --- EGO Iteration 40/40 ---
 INFO - GP level 1 trained (n=14). Noise: 8.910e-13 | rho: -
 INFO - GP level 2 trained (n=33). Noise: 3.514e-15 | rho: 1.0000
 INFO - 
Next selected point to evaluate: [0.4882 0.0535] | Level: 2 | Merit: 0.000233
 INFO -     -> Evaluated value: 0.014226 at level 2
 INFO - GP level 1 trained (n=14). Noise: 8.910e-13 | rho: -
 INFO - GP level 2 trained (n=34). Noise: 6.019e-14 | rho: 1.0000
 INFO - Optimization summary: {"best_observed_x": [0.3761634289421993, 0.0], "best_observed_y": 0.01390784133548091, "surrogate_best_x": [0.36732598086470664, 0.0], "surrogate_best_f": 0.013903780396833813, "total_cost": 48.0, "n_points_per_level": {"1": 14, "2": 34}, "n_failed_per_level": {"1": 0, "2": 0}, "rhos": [1.0]}
 INFO - Final best HF observation: 0.0139
 INFO - Final summary: {'best_observed_x': [0.3761634289421993, 0.0], 'best_observed_y': 0.01390784133548091, 'surrogate_best_x': [0.36732598086470664, 0.0], 'surrogate_best_f': 0.013903780396833813, 'total_cost': 48.0, 'n_points_per_level': {1: 14, 2: 34}, 'n_failed_per_level': {1: 0, 2: 0}, 'rhos': [1.0]}
 INFO - Surrogate exported to example/hydrofoil_optim/surrogate.json
