 INFO - Generating initial design...
 INFO - Level 1 design points: [[0.66738504 0.34781123 0.64899852 0.60803937 0.52064285 0.58876474]
 [0.16241039 0.63681539 0.5790011  0.82744843 0.20223427 0.45540492]
 [0.63606835 0.93607329 0.97890002 0.04979611 0.63455381 0.8524123 ]
 [0.05808976 0.02324359 0.47572557 0.85274367 0.37034129 0.5028566 ]
 [0.30010591 0.54831177 0.69407197 0.06194006 0.69369313 0.43290786]
 [0.38499904 0.72244775 0.34746901 0.27745148 0.07222917 0.94404147]
 [0.48292875 0.07477241 0.03480174 0.32910818 0.72927195 0.19533431]
 [0.77060018 0.19629721 0.17097403 0.79585642 0.12304381 0.35746155]
 [0.28556019 0.39586276 0.833976   0.52877504 0.91939172 0.14242341]
 [0.94980193 0.10784588 0.87724553 0.67131847 0.45993359 0.26183765]
 [0.7069033  0.83390245 0.94031027 0.19936482 0.33019715 0.76967474]
 [0.82167412 0.85605919 0.75861108 0.57517324 0.59386545 0.22497117]
 [0.9540257  0.40595721 0.51629622 0.36705471 0.40854839 0.31564808]
 [0.01879036 0.57991192 0.73002466 0.12568282 0.80591351 0.01792366]
 [0.55872675 0.97486596 0.27317673 0.71506035 0.76527119 0.73902633]
 [0.85365326 0.48876632 0.36709129 0.43188225 0.03592493 0.8003387 ]
 [0.11602346 0.28583204 0.11364055 0.96236745 0.28185657 0.65334177]
 [0.50152574 0.68672888 0.41346556 0.93990498 0.88907904 0.06136775]
 [0.40273921 0.77520146 0.23429844 0.23588466 0.17731038 0.96798597]
 [0.20405052 0.21262405 0.05602197 0.46205824 0.97848038 0.60232735]]
 INFO - Level 2 design points: [[0.38774345 0.57418869 0.95942293 0.40308161 0.28376829 0.71427063]
 [0.88369547 0.06620381 0.43222772 0.73834658 0.40450638 0.65885992]
 [0.90603582 0.20732513 0.12844283 0.19805379 0.32026007 0.50992448]
 [0.74761372 0.68028373 0.88192068 0.51546049 0.99127589 0.84537936]
 [0.07965761 0.46987197 0.50228455 0.97233749 0.73164899 0.12326148]
 [0.67117677 0.88534404 0.72278394 0.25463806 0.67121204 0.27883772]
 [0.10163784 0.13536931 0.34769361 0.88858045 0.50875559 0.96672132]
 [0.22092589 0.70946632 0.07941543 0.60220519 0.11058021 0.34338738]
 [0.52756858 0.37226059 0.62762957 0.05688663 0.86745093 0.03031282]
 [0.46168722 0.92954851 0.21484702 0.37291806 0.07935007 0.46796341]]
 INFO - Initial best HF observation: -0.8489
 INFO - --- EGO Iteration 1/30 ---
 INFO - GP level 1 trained (n=20). Noise: 1.835e-11 | rho: -
 INFO - GP level 2 trained (n=10). Noise: 7.190e-08 | rho: 1.0000
 INFO - 
Next selected point to evaluate: [0.3028 0.3593 1.     0.6169 0.     0.1229] | Level: 2 | Merit: 0.158947
 INFO -     -> Evaluated value: -0.273964 at level 2
 INFO - --- EGO Iteration 2/30 ---
 INFO - GP level 1 trained (n=20). Noise: 1.835e-11 | rho: -
 INFO - GP level 2 trained (n=11). Noise: 6.543e-10 | rho: 1.0000
 INFO - 
Next selected point to evaluate: [0.3228 0.5459 0.8847 0.     0.2455 0.1163] | Level: 2 | Merit: 0.048091
 INFO -     -> Evaluated value: -0.083950 at level 2
 INFO - --- EGO Iteration 3/30 ---
 INFO - GP level 1 trained (n=20). Noise: 1.835e-11 | rho: -
 INFO - GP level 2 trained (n=12). Noise: 6.085e-08 | rho: 1.0000
 INFO - 
Next selected point to evaluate: [0.359  0.5582 1.     0.3701 0.7171 0.1173] | Level: 2 | Merit: 0.026235
 INFO -     -> Evaluated value: -0.777909 at level 2
 INFO - --- EGO Iteration 4/30 ---
 INFO - GP level 1 trained (n=20). Noise: 1.835e-11 | rho: -
 INFO - GP level 2 trained (n=13). Noise: 7.597e-08 | rho: 1.0000
 INFO - 
Next selected point to evaluate: [0.426  0.6331 1.     0.4077 0.     0.1132] | Level: 2 | Merit: 0.030668
 INFO -     -> Evaluated value: -1.356413 at level 2
 INFO - --- EGO Iteration 5/30 ---
 INFO - GP level 1 trained (n=20). Noise: 1.835e-11 | rho: -
 INFO - GP level 2 trained (n=14). Noise: 1.453e-07 | rho: 1.0000
 INFO - 
Next selected point to evaluate: [0.4585 0.7629 1.     0.3567 0.6473 0.0255] | Level: 2 | Merit: 0.066367
 INFO -     -> Evaluated value: -1.639961 at level 2
 INFO - --- EGO Iteration 6/30 ---
 INFO - GP level 1 trained (n=20). Noise: 1.835e-11 | rho: -
 INFO - GP level 2 trained (n=15). Noise: 2.293e-07 | rho: 1.0000
 INFO - 
Next selected point to evaluate: [0.5029 1.     1.     0.3945 1.     0.0527] | Level: 2 | Merit: 0.180996
 INFO -     -> Evaluated value: -1.620903 at level 2
 INFO - --- EGO Iteration 7/30 ---
 INFO - GP level 1 trained (n=20). Noise: 1.835e-11 | rho: -
 INFO - GP level 2 trained (n=16). Noise: 2.925e-07 | rho: 1.0000
 INFO - 
Next selected point to evaluate: [0.466  0.7977 1.     0.3525 0.7743 0.0142] | Level: 1 | Merit: 0.176150
 INFO -     -> Evaluated value: -2.822448 at level 1
 INFO - --- EGO Iteration 8/30 ---
 INFO - GP level 1 trained (n=21). Noise: 4.666e-09 | rho: -
 INFO - GP level 2 trained (n=16). Noise: 2.089e-07 | rho: 1.0000
 INFO - 
Next selected point to evaluate: [0.4751 1.     1.     0.3437 0.8383 0.0125] | Level: 1 | Merit: 0.097017
 INFO -     -> Evaluated value: -2.680847 at level 1
 INFO - --- EGO Iteration 9/30 ---
 INFO - GP level 1 trained (n=22). Noise: 5.886e-09 | rho: -
 INFO - GP level 2 trained (n=16). Noise: 3.081e-07 | rho: 1.0000
 INFO - 
Next selected point to evaluate: [0.7032 0.1608 0.     0.3548 0.9809 0.9002] | Level: 2 | Merit: 0.000157
 INFO -     -> Evaluated value: -0.000382 at level 2
 INFO - --- EGO Iteration 10/30 ---
 INFO - GP level 1 trained (n=22). Noise: 5.635e-09 | rho: -
 INFO - GP level 2 trained (n=17). Noise: 3.070e-07 | rho: 1.0000
 INFO - 
Next selected point to evaluate: [0.5195 0.6856 1.     0.7048 1.     0.    ] | Level: 1 | Merit: 0.001647
 INFO -     -> Evaluated value: -2.624695 at level 1
 INFO - --- EGO Iteration 11/30 ---
 INFO - GP level 1 trained (n=23). Noise: 5.658e-09 | rho: -
 INFO - GP level 2 trained (n=17). Noise: 2.263e-09 | rho: 1.0000
 INFO - 
Next selected point to evaluate: [0.5011 0.8249 1.     0.3965 0.9916 0.0819] | Level: 1 | Merit: 0.587179
 INFO -     -> Evaluated value: -2.733261 at level 1
 INFO - --- EGO Iteration 12/30 ---
 INFO - GP level 1 trained (n=24). Noise: 7.049e-09 | rho: -
 INFO - GP level 2 trained (n=17). Noise: 2.448e-09 | rho: 1.0000
 INFO - 
Next selected point to evaluate: [0.503  0.8483 1.     0.4168 0.8271 0.    ] | Level: 1 | Merit: 0.683527
 INFO -     -> Evaluated value: -2.838198 at level 1
 INFO - --- EGO Iteration 13/30 ---
 INFO - GP level 1 trained (n=25). Noise: 1.016e-08 | rho: -
 INFO - GP level 2 trained (n=17). Noise: 2.625e-09 | rho: 1.0000
 INFO - 
Next selected point to evaluate: [0.4781 0.8338 1.     0.4349 0.0889 0.    ] | Level: 2 | Merit: 0.049657
 INFO -     -> Evaluated value: -2.311646 at level 2
 INFO - --- EGO Iteration 14/30 ---
 INFO - GP level 1 trained (n=25). Noise: 1.016e-08 | rho: -
 INFO - GP level 2 trained (n=18). Noise: 3.695e-09 | rho: 1.0000
 INFO - 
Next selected point to evaluate: [0.4898 0.8345 1.     0.4715 0.     0.    ] | Level: 2 | Merit: 0.055004
 INFO -     -> Evaluated value: -2.444399 at level 2
 INFO - --- EGO Iteration 15/30 ---
 INFO - GP level 1 trained (n=25). Noise: 1.016e-08 | rho: -
 INFO - GP level 2 trained (n=19). Noise: 4.736e-09 | rho: 1.0000
 INFO - 
Next selected point to evaluate: [0.5148 0.8346 1.     0.4735 0.     0.    ] | Level: 2 | Merit: 0.041742
 INFO -     -> Evaluated value: -2.259111 at level 2
 INFO - --- EGO Iteration 16/30 ---
 INFO - GP level 1 trained (n=25). Noise: 1.016e-08 | rho: -
 INFO - GP level 2 trained (n=20). Noise: 5.310e-09 | rho: 1.0000
 INFO - 
Next selected point to evaluate: [0.4891 0.8298 1.     0.4838 0.     0.    ] | Level: 1 | Merit: 0.153574
 INFO -     -> Evaluated value: -3.032550 at level 1
 INFO - --- EGO Iteration 17/30 ---
 INFO - GP level 1 trained (n=26). Noise: 1.860e-08 | rho: -
 INFO - GP level 2 trained (n=20). Noise: 4.482e-09 | rho: 1.0000
 INFO - 
Next selected point to evaluate: [0.4883 0.8792 1.     0.5051 0.     0.    ] | Level: 1 | Merit: 0.125390
 INFO -     -> Evaluated value: -3.031659 at level 1
 INFO - --- EGO Iteration 18/30 ---
 INFO - GP level 1 trained (n=27). Noise: 2.555e-08 | rho: -
 INFO - GP level 2 trained (n=20). Noise: 4.509e-09 | rho: 1.0000
 INFO - 
Next selected point to evaluate: [0.4846 0.8536 1.     0.5354 0.     0.    ] | Level: 2 | Merit: 0.025605
 INFO -     -> Evaluated value: -2.747531 at level 2
 INFO - --- EGO Iteration 19/30 ---
 INFO - GP level 1 trained (n=27). Noise: 2.548e-08 | rho: -
 INFO - GP level 2 trained (n=21). Noise: 5.405e-09 | rho: 1.0000
 INFO - 
Next selected point to evaluate: [0.4786 0.8708 1.     0.5731 0.     0.0448] | Level: 1 | Merit: 0.484340
 INFO -     -> Evaluated value: -3.015852 at level 1
 INFO - --- EGO Iteration 20/30 ---
 INFO - GP level 1 trained (n=28). Noise: 3.104e-10 | rho: -
 INFO - GP level 2 trained (n=21). Noise: 5.349e-09 | rho: 1.0000
 INFO - 
Next selected point to evaluate: [0.4603 0.8833 1.     0.6228 0.     0.0011] | Level: 2 | Merit: 0.097776
 INFO -     -> Evaluated value: -2.903996 at level 2
 INFO - --- EGO Iteration 21/30 ---
 INFO - GP level 1 trained (n=28). Noise: 3.104e-10 | rho: -
 INFO - GP level 2 trained (n=22). Noise: 6.290e-09 | rho: 1.0000
 INFO - 
Next selected point to evaluate: [0.4633 0.8877 0.909  0.6042 0.     0.    ] | Level: 2 | Merit: 0.015741
 INFO -     -> Evaluated value: -2.927565 at level 2
 INFO - --- EGO Iteration 22/30 ---
 INFO - GP level 1 trained (n=28). Noise: 3.104e-10 | rho: -
 INFO - GP level 2 trained (n=23). Noise: 7.099e-09 | rho: 1.0000
 INFO - 
Next selected point to evaluate: [0.4633 0.8858 0.9299 0.6046 0.     0.    ] | Level: 1 | Merit: 0.056986
 INFO -     -> Evaluated value: -3.073282 at level 1
 INFO - --- EGO Iteration 23/30 ---
 INFO - GP level 1 trained (n=29). Noise: 3.740e-10 | rho: -
 INFO - GP level 2 trained (n=23). Noise: 7.078e-09 | rho: 1.0000
 INFO - 
Next selected point to evaluate: [0.4763 0.8881 0.9463 0.6313 0.     0.    ] | Level: 2 | Merit: 0.019234
 INFO -     -> Evaluated value: -2.777633 at level 2
 INFO - --- EGO Iteration 24/30 ---
 INFO - GP level 1 trained (n=29). Noise: 3.740e-10 | rho: -
 INFO - GP level 2 trained (n=24). Noise: 7.505e-09 | rho: 1.0000
 INFO - 
Next selected point to evaluate: [0.4467 0.8859 0.939  0.5924 0.     0.0969] | Level: 1 | Merit: 0.312166
 INFO -     -> Evaluated value: -2.979666 at level 1
 INFO - --- EGO Iteration 25/30 ---
 INFO - GP level 1 trained (n=30). Noise: 4.038e-10 | rho: -
 INFO - GP level 2 trained (n=24). Noise: 7.531e-09 | rho: 1.0000
 INFO - 
Next selected point to evaluate: [0.4131 0.8963 0.9587 0.5825 0.     0.    ] | Level: 2 | Merit: 0.180567
 INFO -     -> Evaluated value: -3.120878 at level 2
 INFO - --- EGO Iteration 26/30 ---
 INFO - GP level 1 trained (n=30). Noise: 4.038e-10 | rho: -
 INFO - GP level 2 trained (n=25). Noise: 8.281e-09 | rho: 1.0000
 INFO - 
Next selected point to evaluate: [0.4124 0.8654 0.9525 0.5914 0.     0.    ] | Level: 2 | Merit: 0.006670
 INFO -     -> Evaluated value: -3.111664 at level 2
 INFO - --- EGO Iteration 27/30 ---
 INFO - GP level 1 trained (n=30). Noise: 4.038e-10 | rho: -
 INFO - GP level 2 trained (n=26). Noise: 8.862e-09 | rho: 1.0000
 INFO - 
Next selected point to evaluate: [0.     0.8617 0.9243 0.2652 0.     0.    ] | Level: 2 | Merit: 0.000020
 INFO -     -> Evaluated value: -0.075879 at level 2
 INFO - --- EGO Iteration 28/30 ---
 INFO - GP level 1 trained (n=30). Noise: 4.038e-10 | rho: -
 INFO - GP level 2 trained (n=27). Noise: 9.382e-09 | rho: 1.0000
 INFO - 
Next selected point to evaluate: [0.4149 0.8878 0.957  0.5855 0.     0.    ] | Level: 1 | Merit: 0.025008
 INFO -     -> Evaluated value: -3.295550 at level 1
 INFO - --- EGO Iteration 29/30 ---
 INFO - GP level 1 trained (n=31). Noise: 5.294e-10 | rho: -
 INFO - GP level 2 trained (n=27). Noise: 9.422e-09 | rho: 1.0000
 INFO - 
Next selected point to evaluate: [0.4241 0.8993 0.9641 0.5715 0.0183 0.    ] | Level: 1 | Merit: 0.393475
 INFO -     -> Evaluated value: -3.270246 at level 1
 INFO - --- EGO Iteration 30/30 ---
 INFO - GP level 1 trained (n=32). Noise: 6.647e-08 | rho: -
 INFO - GP level 2 trained (n=27). Noise: 1.892e-05 | rho: 1.0000
 INFO - 
Next selected point to evaluate: [0.1769 0.4827 0.3384 0.1262 0.9763 0.9504] | Level: 1 | Merit: 0.000000
 INFO -     -> Evaluated value: -2.500694 at level 1
 INFO - GP level 1 trained (n=33). Noise: 6.544e-08 | rho: -
 INFO - GP level 2 trained (n=27). Noise: 1.881e-05 | rho: 1.0000
 INFO - Optimization summary: {"best_observed_x": [0.4131237243414821, 0.8963106673588993, 0.9587068472580604, 0.5824683841119471, 0.0, 0.0], "best_observed_y": -3.120877921853684, "surrogate_best_x": [0.4148791471424545, 0.8878338678894454, 0.9570185388907817, 0.5854847252268403, 0.0, 0.0], "surrogate_best_f": -3.1206854261102768, "total_cost": 303.0, "n_points_per_level": {"1": 33, "2": 27}, "n_failed_per_level": {"1": 0, "2": 0}, "rhos": [1.0]}
 INFO - Final best HF observation: -3.1209
 INFO - Surrogate exported to example/hartmann_6d/surrogate.json
